Archive member included to satisfy reference by file (symbol)

f:/program files/truestudio/truestudio for stm32 9.3.0/armtools/bin/../lib/gcc/arm-atollic-eabi/6.3.1/../../../../arm-atollic-eabi/lib/armv7-m\libc_nano.a(lib_a-errno.o)
                              Src\syscalls.o (__errno)
f:/program files/truestudio/truestudio for stm32 9.3.0/armtools/bin/../lib/gcc/arm-atollic-eabi/6.3.1/../../../../arm-atollic-eabi/lib/armv7-m\libc_nano.a(lib_a-impure.o)
                              f:/program files/truestudio/truestudio for stm32 9.3.0/armtools/bin/../lib/gcc/arm-atollic-eabi/6.3.1/../../../../arm-atollic-eabi/lib/armv7-m\libc_nano.a(lib_a-errno.o) (_impure_ptr)
f:/program files/truestudio/truestudio for stm32 9.3.0/armtools/bin/../lib/gcc/arm-atollic-eabi/6.3.1/../../../../arm-atollic-eabi/lib/armv7-m\libc_nano.a(lib_a-init.o)
                              startup\startup_stm32f103xe.o (__libc_init_array)
f:/program files/truestudio/truestudio for stm32 9.3.0/armtools/bin/../lib/gcc/arm-atollic-eabi/6.3.1/../../../../arm-atollic-eabi/lib/armv7-m\libc_nano.a(lib_a-malloc.o)
                              LitoOS\list.o (malloc)
f:/program files/truestudio/truestudio for stm32 9.3.0/armtools/bin/../lib/gcc/arm-atollic-eabi/6.3.1/../../../../arm-atollic-eabi/lib/armv7-m\libc_nano.a(lib_a-memcpy-stub.o)
                              LitoOS\queue.o (memcpy)
f:/program files/truestudio/truestudio for stm32 9.3.0/armtools/bin/../lib/gcc/arm-atollic-eabi/6.3.1/../../../../arm-atollic-eabi/lib/armv7-m\libc_nano.a(lib_a-memset.o)
                              Drivers\STM32F1xx_HAL_Driver\Src\stm32f1xx_hal_rcc.o (memset)
f:/program files/truestudio/truestudio for stm32 9.3.0/armtools/bin/../lib/gcc/arm-atollic-eabi/6.3.1/../../../../arm-atollic-eabi/lib/armv7-m\libc_nano.a(lib_a-nano-freer.o)
                              f:/program files/truestudio/truestudio for stm32 9.3.0/armtools/bin/../lib/gcc/arm-atollic-eabi/6.3.1/../../../../arm-atollic-eabi/lib/armv7-m\libc_nano.a(lib_a-malloc.o) (_free_r)
f:/program files/truestudio/truestudio for stm32 9.3.0/armtools/bin/../lib/gcc/arm-atollic-eabi/6.3.1/../../../../arm-atollic-eabi/lib/armv7-m\libc_nano.a(lib_a-nano-mallocr.o)
                              f:/program files/truestudio/truestudio for stm32 9.3.0/armtools/bin/../lib/gcc/arm-atollic-eabi/6.3.1/../../../../arm-atollic-eabi/lib/armv7-m\libc_nano.a(lib_a-malloc.o) (_malloc_r)
f:/program files/truestudio/truestudio for stm32 9.3.0/armtools/bin/../lib/gcc/arm-atollic-eabi/6.3.1/../../../../arm-atollic-eabi/lib/armv7-m\libc_nano.a(lib_a-sbrkr.o)
                              f:/program files/truestudio/truestudio for stm32 9.3.0/armtools/bin/../lib/gcc/arm-atollic-eabi/6.3.1/../../../../arm-atollic-eabi/lib/armv7-m\libc_nano.a(lib_a-nano-mallocr.o) (_sbrk_r)
f:/program files/truestudio/truestudio for stm32 9.3.0/armtools/bin/../lib/gcc/arm-atollic-eabi/6.3.1/../../../../arm-atollic-eabi/lib/armv7-m\libc_nano.a(lib_a-strcpy.o)
                              Src\main.o (strcpy)
f:/program files/truestudio/truestudio for stm32 9.3.0/armtools/bin/../lib/gcc/arm-atollic-eabi/6.3.1/../../../../arm-atollic-eabi/lib/armv7-m\libc_nano.a(lib_a-strlen.o)
                              Src\main.o (strlen)
f:/program files/truestudio/truestudio for stm32 9.3.0/armtools/bin/../lib/gcc/arm-atollic-eabi/6.3.1/../../../../arm-atollic-eabi/lib/armv7-m\libc_nano.a(lib_a-mlock.o)
                              f:/program files/truestudio/truestudio for stm32 9.3.0/armtools/bin/../lib/gcc/arm-atollic-eabi/6.3.1/../../../../arm-atollic-eabi/lib/armv7-m\libc_nano.a(lib_a-nano-freer.o) (__malloc_lock)
f:/program files/truestudio/truestudio for stm32 9.3.0/armtools/bin/../lib/gcc/arm-atollic-eabi/6.3.1/../../../../arm-atollic-eabi/lib/armv7-m\libc_nano.a(lib_a-reent.o)
                              f:/program files/truestudio/truestudio for stm32 9.3.0/armtools/bin/../lib/gcc/arm-atollic-eabi/6.3.1/../../../../arm-atollic-eabi/lib/armv7-m\libc_nano.a(lib_a-sbrkr.o) (errno)
f:/program files/truestudio/truestudio for stm32 9.3.0/armtools/bin/../lib/gcc/arm-atollic-eabi/6.3.1/armv7-m\libgcc.a(_lshrdi3.o)
                              Drivers\STM32F1xx_HAL_Driver\Src\stm32f1xx_hal_flash.o (__aeabi_llsr)

Allocating common symbols
Common symbol       size              file

pid                 0x4               LitoOS\task.o
errno               0x4               f:/program files/truestudio/truestudio for stm32 9.3.0/armtools/bin/../lib/gcc/arm-atollic-eabi/6.3.1/../../../../arm-atollic-eabi/lib/armv7-m\libc_nano.a(lib_a-reent.o)
hi2c1               0x54              Src\stm32.o
tcb_save            0x4               LitoOS\task.o
tcb_load            0x4               LitoOS\task.o
uwTick              0x4               Drivers\STM32F1xx_HAL_Driver\Src\stm32f1xx_hal.o
pFlash              0x20              Drivers\STM32F1xx_HAL_Driver\Src\stm32f1xx_hal_flash.o
ready_queue         0x4               LitoOS\task.o
[...]
Memory Configuration

Name             Origin             Length             Attributes
RAM              0x20000000         0x00010000         xrw
FLASH            0x08000000         0x00080000         xr
*default*        0x00000000         0xffffffff

Linker script and memory map

LOAD f:/program files/truestudio/truestudio for stm32 9.3.0/armtools/bin/../lib/gcc/arm-atollic-eabi/6.3.1/armv7-m/crti.o
LOAD f:/program files/truestudio/truestudio for stm32 9.3.0/armtools/bin/../lib/gcc/arm-atollic-eabi/6.3.1/armv7-m/crtbegin.o
LOAD Drivers\STM32F1xx_HAL_Driver\Src\stm32f1xx_hal.o
LOAD Drivers\STM32F1xx_HAL_Driver\Src\stm32f1xx_hal_cortex.o
LOAD Drivers\STM32F1xx_HAL_Driver\Src\stm32f1xx_hal_dma.o
LOAD Drivers\STM32F1xx_HAL_Driver\Src\stm32f1xx_hal_exti.o
LOAD Drivers\STM32F1xx_HAL_Driver\Src\stm32f1xx_hal_flash.o
LOAD Drivers\STM32F1xx_HAL_Driver\Src\stm32f1xx_hal_flash_ex.o
LOAD Drivers\STM32F1xx_HAL_Driver\Src\stm32f1xx_hal_gpio.o
LOAD Drivers\STM32F1xx_HAL_Driver\Src\stm32f1xx_hal_gpio_ex.o
LOAD Drivers\STM32F1xx_HAL_Driver\Src\stm32f1xx_hal_i2c.o
LOAD Drivers\STM32F1xx_HAL_Driver\Src\stm32f1xx_hal_pwr.o
LOAD Drivers\STM32F1xx_HAL_Driver\Src\stm32f1xx_hal_rcc.o
LOAD Drivers\STM32F1xx_HAL_Driver\Src\stm32f1xx_hal_rcc_ex.o
LOAD Drivers\STM32F1xx_HAL_Driver\Src\stm32f1xx_hal_tim.o
LOAD Drivers\STM32F1xx_HAL_Driver\Src\stm32f1xx_hal_tim_ex.o
LOAD Drivers\STM32F1xx_HAL_Driver\Src\stm32f1xx_hal_uart.o
LOAD LitoOS\LitoOS.o
LOAD LitoOS\list.o
LOAD LitoOS\queue.o
LOAD LitoOS\semaphore_mutex.o
LOAD LitoOS\task.o
LOAD LitoOS\timer.o
LOAD Src\MPU6500.o
LOAD Src\SSD1306.o
LOAD Src\SSD1306_fonts.o
LOAD Src\main.o
LOAD Src\stm32.o
LOAD Src\stm32f1xx_hal_msp.o
LOAD Src\stm32f1xx_it.o
LOAD Src\syscalls.o
LOAD Src\system_stm32f1xx.o
LOAD startup\startup_stm32f103xe.o
                0x00000080                malloc_getpagesize_P = 0x80
START GROUP
LOAD f:/program files/truestudio/truestudio for stm32 9.3.0/armtools/bin/../lib/gcc/arm-atollic-eabi/6.3.1/../../../../arm-atollic-eabi/lib/armv7-m\libc_nano.a
LOAD f:/program files/truestudio/truestudio for stm32 9.3.0/armtools/bin/../lib/gcc/arm-atollic-eabi/6.3.1/../../../../arm-atollic-eabi/lib/armv7-m\libm.a
END GROUP
START GROUP
LOAD f:/program files/truestudio/truestudio for stm32 9.3.0/armtools/bin/../lib/gcc/arm-atollic-eabi/6.3.1/armv7-m\libgcc.a
LOAD f:/program files/truestudio/truestudio for stm32 9.3.0/armtools/bin/../lib/gcc/arm-atollic-eabi/6.3.1/../../../../arm-atollic-eabi/lib/armv7-m\libc_nano.a
END GROUP
START GROUP
LOAD f:/program files/truestudio/truestudio for stm32 9.3.0/armtools/bin/../lib/gcc/arm-atollic-eabi/6.3.1/armv7-m\libgcc.a
LOAD f:/program files/truestudio/truestudio for stm32 9.3.0/armtools/bin/../lib/gcc/arm-atollic-eabi/6.3.1/../../../../arm-atollic-eabi/lib/armv7-m\libc_nano.a
LOAD f:/program files/truestudio/truestudio for stm32 9.3.0/armtools/bin/../lib/gcc/arm-atollic-eabi/6.3.1/../../../../arm-atollic-eabi/lib/armv7-m\libnosys.a
END GROUP
START GROUP
LOAD f:/program files/truestudio/truestudio for stm32 9.3.0/armtools/bin/../lib/gcc/arm-atollic-eabi/6.3.1/armv7-m\libgcc.a
LOAD f:/program files/truestudio/truestudio for stm32 9.3.0/armtools/bin/../lib/gcc/arm-atollic-eabi/6.3.1/../../../../arm-atollic-eabi/lib/armv7-m\libc_nano.a
LOAD f:/program files/truestudio/truestudio for stm32 9.3.0/armtools/bin/../lib/gcc/arm-atollic-eabi/6.3.1/../../../../arm-atollic-eabi/lib/armv7-m\libnosys.a
END GROUP
LOAD f:/program files/truestudio/truestudio for stm32 9.3.0/armtools/bin/../lib/gcc/arm-atollic-eabi/6.3.1/armv7-m/crtend.o
LOAD f:/program files/truestudio/truestudio for stm32 9.3.0/armtools/bin/../lib/gcc/arm-atollic-eabi/6.3.1/armv7-m/crtn.o
                0x20010000                _estack = 0x20010000
                0x00000200                _Min_Heap_Size = 0x200
                0x00000400                _Min_Stack_Size = 0x400

.isr_vector     0x08000000      0x1e4
                0x08000000                . = ALIGN (0x4)
 *(.isr_vector)
 .isr_vector    0x08000000      0x1e4 startup\startup_stm32f103xe.o
                0x08000000                g_pfnVectors
                0x080001e4                . = ALIGN (0x4)

.text           0x080001e4     0x16bc
                0x080001e4                . = ALIGN (0x4)
 *(.text)
 .text          0x080001e4       0x40 f:/program files/truestudio/truestudio for stm32 9.3.0/armtools/bin/../lib/gcc/arm-atollic-eabi/6.3.1/armv7-m/crtbegin.o
 .text          0x08000224       0x10 f:/program files/truestudio/truestudio for stm32 9.3.0/armtools/bin/../lib/gcc/arm-atollic-eabi/6.3.1/../../../../arm-atollic-eabi/lib/armv7-m\libc_nano.a(lib_a-strlen.o)
                0x08000224                strlen
 *(.text*)
 .text.HAL_InitTick
                0x08000234       0x48 Drivers\STM32F1xx_HAL_Driver\Src\stm32f1xx_hal.o
                0x08000234                HAL_InitTick
 .text.HAL_Init
                0x0800027c       0x24 Drivers\STM32F1xx_HAL_Driver\Src\stm32f1xx_hal.o
                0x0800027c                HAL_Init
 .text.HAL_IncTick
                0x080002a0       0x18 Drivers\STM32F1xx_HAL_Driver\Src\stm32f1xx_hal.o
                0x080002a0                HAL_IncTick
 .text.HAL_GetTick
                0x080002b8        0xc Drivers\STM32F1xx_HAL_Driver\Src\stm32f1xx_hal.o
                0x080002b8                HAL_GetTick
 .text.HAL_Delay
                0x080002c4       0x24 Drivers\STM32F1xx_HAL_Driver\Src\stm32f1xx_hal.o
                0x080002c4                HAL_Delay
 .text.HAL_NVIC_SetPriorityGrouping
                0x080002e8       0x24 Drivers\STM32F1xx_HAL_Driver\Src\stm32f1xx_hal_cortex.o
                0x080002e8                HAL_NVIC_SetPriorityGrouping
 .text.HAL_NVIC_SetPriority
                0x0800030c       0x68 Drivers\STM32F1xx_HAL_Driver\Src\stm32f1xx_hal_cortex.o
                0x0800030c                HAL_NVIC_SetPriority
 .text.HAL_SYSTICK_Config
                0x08000374       0x2c Drivers\STM32F1xx_HAL_Driver\Src\stm32f1xx_hal_cortex.o
                0x08000374                HAL_SYSTICK_Config
 .text.HAL_GPIO_Init
                0x080003a0      0x1d8 Drivers\STM32F1xx_HAL_Driver\Src\stm32f1xx_hal_gpio.o
                0x080003a0                HAL_GPIO_Init
 .text.HAL_GPIO_WritePin
                0x08000578        0xa Drivers\STM32F1xx_HAL_Driver\Src\stm32f1xx_hal_gpio.o
                0x08000578                HAL_GPIO_WritePin
 .text.HAL_GPIO_TogglePin
                0x08000582        0xc Drivers\STM32F1xx_HAL_Driver\Src\stm32f1xx_hal_gpio.o
                0x08000582                HAL_GPIO_TogglePin
 *fill*         0x0800058e        0x2 
 .text.HAL_I2C_Init
                0x08000590      0x148 Drivers\STM32F1xx_HAL_Driver\Src\stm32f1xx_hal_i2c.o
                0x08000590                HAL_I2C_Init
 .text.HAL_RCC_OscConfig
                0x080006d8      0x33c Drivers\STM32F1xx_HAL_Driver\Src\stm32f1xx_hal_rcc.o
                0x080006d8                HAL_RCC_OscConfig
 .text.HAL_RCC_GetSysClockFreq
                0x08000a14       0x78 Drivers\STM32F1xx_HAL_Driver\Src\stm32f1xx_hal_rcc.o
                0x08000a14                HAL_RCC_GetSysClockFreq
 .text.HAL_RCC_ClockConfig
                0x08000a8c      0x13c Drivers\STM32F1xx_HAL_Driver\Src\stm32f1xx_hal_rcc.o
                0x08000a8c                HAL_RCC_ClockConfig
 .text.HAL_RCC_GetPCLK1Freq
                0x08000bc8       0x20 Drivers\STM32F1xx_HAL_Driver\Src\stm32f1xx_hal_rcc.o
                0x08000bc8                HAL_RCC_GetPCLK1Freq
 .text.HAL_RCC_GetPCLK2Freq
                0x08000be8       0x20 Drivers\STM32F1xx_HAL_Driver\Src\stm32f1xx_hal_rcc.o
                0x08000be8                HAL_RCC_GetPCLK2Freq
 .text.UART_SetConfig
                0x08000c08       0x74 Drivers\STM32F1xx_HAL_Driver\Src\stm32f1xx_hal_uart.o
 .text.UART_WaitOnFlagUntilTimeout.constprop.3
                0x08000c7c       0x50 Drivers\STM32F1xx_HAL_Driver\Src\stm32f1xx_hal_uart.o
 .text.HAL_UART_Init
                0x08000ccc       0x5c Drivers\STM32F1xx_HAL_Driver\Src\stm32f1xx_hal_uart.o
                0x08000ccc                HAL_UART_Init
 .text.HAL_UART_Transmit
                0x08000d28       0xb8 Drivers\STM32F1xx_HAL_Driver\Src\stm32f1xx_hal_uart.o
                0x08000d28                HAL_UART_Transmit
 .text.Lito_init
                0x08000de0       0x40 LitoOS\LitoOS.o
                0x08000de0                Lito_init
 .text.Lito_start
                0x08000e20       0x1c LitoOS\LitoOS.o
                0x08000e20                Lito_start
 .text.LT_list_init
                0x08000e3c       0x12 LitoOS\list.o
                0x08000e3c                LT_list_init
 .text.LT_list_create
                0x08000e4e       0x1e LitoOS\list.o
                0x08000e4e                LT_list_create
 .text.LT_list_insert
                0x08000e6c       0x22 LitoOS\list.o
                0x08000e6c                LT_list_insert
 .text.LT_list_remove
                0x08000e8e       0x6e LitoOS\list.o
                0x08000e8e                LT_list_remove
 .text.LT_queue_put
                0x08000efc       0xd0 LitoOS\queue.o
                0x08000efc                LT_queue_put
 .text.LT_ready_queue_init
                0x08000fcc       0x18 LitoOS\task.o
                0x08000fcc                LT_ready_queue_init
 .text.LT_ready_queue_insert
                0x08000fe4       0x20 LitoOS\task.o
                0x08000fe4                LT_ready_queue_insert
 .text.LT_task_create
                0x08001004       0x54 LitoOS\task.o
                0x08001004                LT_task_create
 .text.LT_tcb_item_running_task_update
                0x08001058       0x34 LitoOS\task.o
                0x08001058                LT_tcb_item_running_task_update
 .text.LT_task_switch
                0x0800108c        0xe LitoOS\task.o
                0x0800108c                LT_task_switch
 *fill*         0x0800109a        0x2 
 .text.LT_timer_init
                0x0800109c       0x18 LitoOS\timer.o
                0x0800109c                LT_timer_init
 .text.task2    0x080010b4       0x30 Src\main.o
                0x080010b4                task2
 .text.task3    0x080010e4       0x44 Src\main.o
                0x080010e4                task3
 .text.task4    0x08001128       0x44 Src\main.o
                0x08001128                task4
 .text.startup.main
                0x0800116c       0x64 Src\main.o
                0x0800116c                main
 .text.lr_temp  0x080011d0        0x2 Src\stm32.o
                0x080011d0                lr_temp
 *fill*         0x080011d2        0x2 
 .text.hardware_context_switch
                0x080011d4       0x10 Src\stm32.o
                0x080011d4                hardware_context_switch
 .text.hardware_TCB_init
                0x080011e4       0x44 Src\stm32.o
                0x080011e4                hardware_TCB_init
 .text.LT_IRQ_enable
                0x08001228       0x12 Src\stm32.o
                0x08001228                LT_IRQ_enable
 .text.LT_IRQ_disable
                0x0800123a       0x12 Src\stm32.o
                0x0800123a                LT_IRQ_disable
 .text.SystemClock_Config
                0x0800124c       0x54 Src\stm32.o
                0x0800124c                SystemClock_Config
 .text.hardware_init
                0x080012a0       0xb8 Src\stm32.o
                0x080012a0                hardware_init
 .text.LT_dummy_task
                0x08001358       0x18 Src\stm32.o
                0x08001358                LT_dummy_task
 .text.LT_first_task_start
                0x08001370       0x34 Src\stm32.o
                0x08001370                LT_first_task_start
 .text.HAL_MspInit
                0x080013a4       0x44 Src\stm32f1xx_hal_msp.o
                0x080013a4                HAL_MspInit
 .text.HAL_I2C_MspInit
                0x080013e8       0x64 Src\stm32f1xx_hal_msp.o
                0x080013e8                HAL_I2C_MspInit
 .text.HAL_UART_MspInit
                0x0800144c       0x78 Src\stm32f1xx_hal_msp.o
                0x0800144c                HAL_UART_MspInit
 .text.NMI_Handler
                0x080014c4        0x2 Src\stm32f1xx_it.o
                0x080014c4                NMI_Handler
 .text.HardFault_Handler
                0x080014c6        0x2 Src\stm32f1xx_it.o
                0x080014c6                HardFault_Handler
 .text.MemManage_Handler
                0x080014c8        0x2 Src\stm32f1xx_it.o
                0x080014c8                MemManage_Handler
 .text.BusFault_Handler
                0x080014ca        0x2 Src\stm32f1xx_it.o
                0x080014ca                BusFault_Handler
 .text.UsageFault_Handler
                0x080014cc        0x2 Src\stm32f1xx_it.o
                0x080014cc                UsageFault_Handler
 .text.SVC_Handler
                0x080014ce       0x20 Src\stm32f1xx_it.o
                0x080014ce                SVC_Handler
 .text.DebugMon_Handler
                0x080014ee        0x2 Src\stm32f1xx_it.o
                0x080014ee                DebugMon_Handler
 .text.PendSV_Handler
                0x080014f0       0x30 Src\stm32f1xx_it.o
                0x080014f0                PendSV_Handler
 .text.SysTick_Handler
                0x08001520       0x78 Src\stm32f1xx_it.o
                0x08001520                SysTick_Handler
 .text._sbrk    0x08001598       0x34 Src\syscalls.o
                0x08001598                _sbrk
 .text.SystemInit
                0x080015cc       0x4c Src\system_stm32f1xx.o
                0x080015cc                SystemInit
 .text.Reset_Handler
                0x08001618       0x48 startup\startup_stm32f103xe.o
                0x08001618                Reset_Handler
 .text.Default_Handler
                0x08001660        0x2 startup\startup_stm32f103xe.o
                0x08001660                RTC_Alarm_IRQHandler
                0x08001660                EXTI2_IRQHandler
                0x08001660                TIM8_TRG_COM_IRQHandler
                0x08001660                TIM8_CC_IRQHandler
                0x08001660                TIM1_CC_IRQHandler
                0x08001660                TIM6_IRQHandler
                0x08001660                PVD_IRQHandler
                0x08001660                SDIO_IRQHandler
                0x08001660                EXTI3_IRQHandler
                0x08001660                EXTI0_IRQHandler
                0x08001660                I2C2_EV_IRQHandler
                0x08001660                ADC1_2_IRQHandler
                0x08001660                SPI1_IRQHandler
                0x08001660                TAMPER_IRQHandler
                0x08001660                TIM8_UP_IRQHandler
                0x08001660                DMA2_Channel2_IRQHandler
                0x08001660                DMA1_Channel4_IRQHandler
                0x08001660                USART3_IRQHandler
                0x08001660                RTC_IRQHandler
                0x08001660                DMA1_Channel7_IRQHandler
                0x08001660                CAN1_RX1_IRQHandler
                0x08001660                UART5_IRQHandler
                0x08001660                ADC3_IRQHandler
                0x08001660                TIM4_IRQHandler
                0x08001660                DMA2_Channel1_IRQHandler
                0x08001660                I2C1_EV_IRQHandler
                0x08001660                DMA1_Channel6_IRQHandler
                0x08001660                UART4_IRQHandler
                0x08001660                TIM3_IRQHandler
                0x08001660                RCC_IRQHandler
                0x08001660                TIM1_TRG_COM_IRQHandler
                0x08001660                DMA1_Channel1_IRQHandler
                0x08001660                Default_Handler
                0x08001660                EXTI15_10_IRQHandler
                0x08001660                TIM7_IRQHandler
                0x08001660                TIM5_IRQHandler
                0x08001660                EXTI9_5_IRQHandler
                0x08001660                SPI2_IRQHandler
                0x08001660                DMA1_Channel5_IRQHandler
                0x08001660                EXTI4_IRQHandler
                0x08001660                USB_LP_CAN1_RX0_IRQHandler
                0x08001660                USB_HP_CAN1_TX_IRQHandler
                0x08001660                DMA1_Channel3_IRQHandler
                0x08001660                FSMC_IRQHandler
                0x08001660                TIM1_UP_IRQHandler
                0x08001660                WWDG_IRQHandler
                0x08001660                TIM2_IRQHandler
                0x08001660                TIM1_BRK_IRQHandler
                0x08001660                EXTI1_IRQHandler
                0x08001660                DMA2_Channel4_5_IRQHandler
                0x08001660                USART2_IRQHandler
                0x08001660                I2C2_ER_IRQHandler
                0x08001660                DMA1_Channel2_IRQHandler
                0x08001660                TIM8_BRK_IRQHandler
                0x08001660                CAN1_SCE_IRQHandler
                0x08001660                FLASH_IRQHandler
                0x08001660                USART1_IRQHandler
                0x08001660                SPI3_IRQHandler
                0x08001660                I2C1_ER_IRQHandler
                0x08001660                USBWakeUp_IRQHandler
                0x08001660                DMA2_Channel3_IRQHandler
 *fill*         0x08001662        0x2 
 .text.__errno  0x08001664        0xc f:/program files/truestudio/truestudio for stm32 9.3.0/armtools/bin/../lib/gcc/arm-atollic-eabi/6.3.1/../../../../arm-atollic-eabi/lib/armv7-m\libc_nano.a(lib_a-errno.o)
                0x08001664                __errno
 .text.__libc_init_array
                0x08001670       0x48 f:/program files/truestudio/truestudio for stm32 9.3.0/armtools/bin/../lib/gcc/arm-atollic-eabi/6.3.1/../../../../arm-atollic-eabi/lib/armv7-m\libc_nano.a(lib_a-init.o)
                0x08001670                __libc_init_array
 .text.malloc   0x080016b8       0x10 f:/program files/truestudio/truestudio for stm32 9.3.0/armtools/bin/../lib/gcc/arm-atollic-eabi/6.3.1/../../../../arm-atollic-eabi/lib/armv7-m\libc_nano.a(lib_a-malloc.o)
                0x080016b8                malloc
 .text.free     0x080016c8       0x10 f:/program files/truestudio/truestudio for stm32 9.3.0/armtools/bin/../lib/gcc/arm-atollic-eabi/6.3.1/../../../../arm-atollic-eabi/lib/armv7-m\libc_nano.a(lib_a-malloc.o)
                0x080016c8                free
 .text.memcpy   0x080016d8       0x16 f:/program files/truestudio/truestudio for stm32 9.3.0/armtools/bin/../lib/gcc/arm-atollic-eabi/6.3.1/../../../../arm-atollic-eabi/lib/armv7-m\libc_nano.a(lib_a-memcpy-stub.o)
                0x080016d8                memcpy
 .text.memset   0x080016ee       0x10 f:/program files/truestudio/truestudio for stm32 9.3.0/armtools/bin/../lib/gcc/arm-atollic-eabi/6.3.1/../../../../arm-atollic-eabi/lib/armv7-m\libc_nano.a(lib_a-memset.o)
                0x080016ee                memset
 *fill*         0x080016fe        0x2 
 .text._free_r  0x08001700       0x98 f:/program files/truestudio/truestudio for stm32 9.3.0/armtools/bin/../lib/gcc/arm-atollic-eabi/6.3.1/../../../../arm-atollic-eabi/lib/armv7-m\libc_nano.a(lib_a-nano-freer.o)
                0x08001700                _free_r
 .text._malloc_r
                0x08001798       0xbc f:/program files/truestudio/truestudio for stm32 9.3.0/armtools/bin/../lib/gcc/arm-atollic-eabi/6.3.1/../../../../arm-atollic-eabi/lib/armv7-m\libc_nano.a(lib_a-nano-mallocr.o)
                0x08001798                _malloc_r
 .text._sbrk_r  0x08001854       0x20 f:/program files/truestudio/truestudio for stm32 9.3.0/armtools/bin/../lib/gcc/arm-atollic-eabi/6.3.1/../../../../arm-atollic-eabi/lib/armv7-m\libc_nano.a(lib_a-sbrkr.o)
                0x08001854                _sbrk_r
 .text.strcpy   0x08001874       0x10 f:/program files/truestudio/truestudio for stm32 9.3.0/armtools/bin/../lib/gcc/arm-atollic-eabi/6.3.1/../../../../arm-atollic-eabi/lib/armv7-m\libc_nano.a(lib_a-strcpy.o)
                0x08001874                strcpy
 .text.__malloc_lock
                0x08001884        0x2 f:/program files/truestudio/truestudio for stm32 9.3.0/armtools/bin/../lib/gcc/arm-atollic-eabi/6.3.1/../../../../arm-atollic-eabi/lib/armv7-m\libc_nano.a(lib_a-mlock.o)
                0x08001884                __malloc_lock
 .text.__malloc_unlock
                0x08001886        0x2 f:/program files/truestudio/truestudio for stm32 9.3.0/armtools/bin/../lib/gcc/arm-atollic-eabi/6.3.1/../../../../arm-atollic-eabi/lib/armv7-m\libc_nano.a(lib_a-mlock.o)
                0x08001886                __malloc_unlock
 *(.glue_7)
 .glue_7        0x08001888        0x0 linker stubs
 *(.glue_7t)
 .glue_7t       0x08001888        0x0 linker stubs
 *(.eh_frame)
 .eh_frame      0x08001888        0x0 f:/program files/truestudio/truestudio for stm32 9.3.0/armtools/bin/../lib/gcc/arm-atollic-eabi/6.3.1/armv7-m/crtbegin.o
 *(.init)
 .init          0x08001888        0x4 f:/program files/truestudio/truestudio for stm32 9.3.0/armtools/bin/../lib/gcc/arm-atollic-eabi/6.3.1/armv7-m/crti.o
                0x08001888                _init
 .init          0x0800188c        0x8 f:/program files/truestudio/truestudio for stm32 9.3.0/armtools/bin/../lib/gcc/arm-atollic-eabi/6.3.1/armv7-m/crtn.o
 *(.fini)
 .fini          0x08001894        0x4 f:/program files/truestudio/truestudio for stm32 9.3.0/armtools/bin/../lib/gcc/arm-atollic-eabi/6.3.1/armv7-m/crti.o
                0x08001894                _fini
 .fini          0x08001898        0x8 f:/program files/truestudio/truestudio for stm32 9.3.0/armtools/bin/../lib/gcc/arm-atollic-eabi/6.3.1/armv7-m/crtn.o
                0x080018a0                . = ALIGN (0x4)
                0x080018a0                _etext = .

.vfp11_veneer   0x080018a0        0x0
 .vfp11_veneer  0x080018a0        0x0 linker stubs

.v4_bx          0x080018a0        0x0
 .v4_bx         0x080018a0        0x0 linker stubs

.iplt           0x080018a0        0x0
 .iplt          0x080018a0        0x0 f:/program files/truestudio/truestudio for stm32 9.3.0/armtools/bin/../lib/gcc/arm-atollic-eabi/6.3.1/armv7-m/crtbegin.o

.rodata         0x080018a0       0x48
                0x080018a0                . = ALIGN (0x4)
 *(.rodata)
 .rodata        0x080018a0       0x10 Drivers\STM32F1xx_HAL_Driver\Src\stm32f1xx_hal_rcc.o
 *(.rodata*)
 .rodata.task2.str1.1
                0x080018b0        0x9 Src\main.o
 .rodata.task3.str1.1
                0x080018b9        0xa Src\main.o
 .rodata.task4.str1.1
                0x080018c3        0xa Src\main.o
 .rodata.AHBPrescTable
                0x080018cd       0x10 Src\system_stm32f1xx.o
                0x080018cd                AHBPrescTable
 .rodata.APBPrescTable
                0x080018dd        0x8 Src\system_stm32f1xx.o
                0x080018dd                APBPrescTable
                0x080018e8                . = ALIGN (0x4)
 *fill*         0x080018e5        0x3 

.rel.dyn        0x080018e8        0x0
 .rel.iplt      0x080018e8        0x0 f:/program files/truestudio/truestudio for stm32 9.3.0/armtools/bin/../lib/gcc/arm-atollic-eabi/6.3.1/armv7-m/crtbegin.o

.ARM.extab
 *(.ARM.extab* .gnu.linkonce.armextab.*)

.ARM            0x080018e8        0x0
                0x080018e8                __exidx_start = .
 *(.ARM.exidx*)
                0x080018e8                __exidx_end = .

.preinit_array  0x080018e8        0x0
                0x080018e8                PROVIDE (__preinit_array_start, .)
 *(.preinit_array*)
                0x080018e8                PROVIDE (__preinit_array_end, .)

.init_array     0x080018e8        0x4
                0x080018e8                PROVIDE (__init_array_start, .)
 *(SORT(.init_array.*))
 *(.init_array*)
 .init_array    0x080018e8        0x4 f:/program files/truestudio/truestudio for stm32 9.3.0/armtools/bin/../lib/gcc/arm-atollic-eabi/6.3.1/armv7-m/crtbegin.o
                0x080018ec                PROVIDE (__init_array_end, .)

.fini_array     0x080018ec        0x4
                [!provide]                PROVIDE (__fini_array_start, .)
 *(SORT(.fini_array.*))
 *(.fini_array*)
 .fini_array    0x080018ec        0x4 f:/program files/truestudio/truestudio for stm32 9.3.0/armtools/bin/../lib/gcc/arm-atollic-eabi/6.3.1/armv7-m/crtbegin.o
                [!provide]                PROVIDE (__fini_array_end, .)
                0x080018f0                _sidata = LOADADDR (.data)

.data           0x20000000       0x70 load address 0x080018f0
                0x20000000                . = ALIGN (0x4)
                0x20000000                _sdata = .
 *(.data)
 *(.data*)
 .data.uwTickFreq
                0x20000000        0x1 Drivers\STM32F1xx_HAL_Driver\Src\stm32f1xx_hal.o
                0x20000000                uwTickFreq
 *fill*         0x20000001        0x3 
 .data.uwTickPrio
                0x20000004        0x4 Drivers\STM32F1xx_HAL_Driver\Src\stm32f1xx_hal.o
                0x20000004                uwTickPrio
 .data.SystemCoreClock
                0x20000008        0x4 Src\system_stm32f1xx.o
                0x20000008                SystemCoreClock
 .data._impure_ptr
                0x2000000c        0x4 f:/program files/truestudio/truestudio for stm32 9.3.0/armtools/bin/../lib/gcc/arm-atollic-eabi/6.3.1/../../../../arm-atollic-eabi/lib/armv7-m\libc_nano.a(lib_a-impure.o)
                0x2000000c                _impure_ptr
 .data.impure_data
                0x20000010       0x60 f:/program files/truestudio/truestudio for stm32 9.3.0/armtools/bin/../lib/gcc/arm-atollic-eabi/6.3.1/../../../../arm-atollic-eabi/lib/armv7-m\libc_nano.a(lib_a-impure.o)
                0x20000070                . = ALIGN (0x4)
                0x20000070                _edata = .

.igot.plt       0x20000070        0x0 load address 0x08001960
 .igot.plt      0x20000070        0x0 f:/program files/truestudio/truestudio for stm32 9.3.0/armtools/bin/../lib/gcc/arm-atollic-eabi/6.3.1/armv7-m/crtbegin.o
                0x20000070                . = ALIGN (0x4)

.bss            0x20000070       0xe0 load address 0x08001960
                0x20000070                _sbss = .
                0x20000070                __bss_start__ = _sbss
 *(.bss)
 .bss           0x20000070       0x1c f:/program files/truestudio/truestudio for stm32 9.3.0/armtools/bin/../lib/gcc/arm-atollic-eabi/6.3.1/armv7-m/crtbegin.o
 *(.bss*)
 .bss.heap_end.5887
                0x2000008c        0x4 Src\syscalls.o
 .bss.__malloc_free_list
                0x20000090        0x4 f:/program files/truestudio/truestudio for stm32 9.3.0/armtools/bin/../lib/gcc/arm-atollic-eabi/6.3.1/../../../../arm-atollic-eabi/lib/armv7-m\libc_nano.a(lib_a-nano-mallocr.o)
                0x20000090                __malloc_free_list
 .bss.__malloc_sbrk_start
                0x20000094        0x4 f:/program files/truestudio/truestudio for stm32 9.3.0/armtools/bin/../lib/gcc/arm-atollic-eabi/6.3.1/../../../../arm-atollic-eabi/lib/armv7-m\libc_nano.a(lib_a-nano-mallocr.o)
                0x20000094                __malloc_sbrk_start
 *(COMMON)
 COMMON         0x20000098        0x4 Drivers\STM32F1xx_HAL_Driver\Src\stm32f1xx_hal.o
                0x20000098                uwTick
 COMMON         0x2000009c        0x1 LitoOS\LitoOS.o
                0x2000009c                lt_schedule_status
 *fill*         0x2000009d        0x3 
 COMMON         0x200000a0       0x14 LitoOS\task.o
                0x200000a0                pid
                0x200000a4                tcb_save
                0x200000a8                tcb_load
                0x200000ac                ready_queue
                0x200000b0                tcb_item_running_task
 COMMON         0x200000b4        0x4 LitoOS\timer.o
                0x200000b4                timer_event_list
 COMMON         0x200000b8       0x40 Src\main.o
                0x200000b8                huart1
 COMMON         0x200000f8       0x54 Src\stm32.o
                0x200000f8                hi2c1
 COMMON         0x2000014c        0x4 f:/program files/truestudio/truestudio for stm32 9.3.0/armtools/bin/../lib/gcc/arm-atollic-eabi/6.3.1/../../../../arm-atollic-eabi/lib/armv7-m\libc_nano.a(lib_a-reent.o)
                0x2000014c                errno
                0x20000150                . = ALIGN (0x4)
                0x20000150                _ebss = .
                0x20000150                __bss_end__ = _ebss

._user_heap_stack
                0x20000150      0x600 load address 0x08001960
                0x20000150                . = ALIGN (0x4)
                0x20000150                PROVIDE (end, .)
                [!provide]                PROVIDE (_end, .)
                0x20000350                . = (. + _Min_Heap_Size)
 *fill*         0x20000150      0x200 
                0x20000750                . = (. + _Min_Stack_Size)
 *fill*         0x20000350      0x400 
                0x20000750                . = ALIGN (0x4)

/DISCARD/
 libc.a(*)
 libm.a(*)
 libgcc.a(*)

.ARM.attributes
                0x00000000       0x29
 *(.ARM.attributes)
 .ARM.attributes
                0x00000000       0x1d f:/program files/truestudio/truestudio for stm32 9.3.0/armtools/bin/../lib/gcc/arm-atollic-eabi/6.3.1/armv7-m/crti.o
 .ARM.attributes
                0x0000001d       0x2d f:/program files/truestudio/truestudio for stm32 9.3.0/armtools/bin/../lib/gcc/arm-atollic-eabi/6.3.1/armv7-m/crtbegin.o
 .ARM.attributes
                0x0000004a       0x33 Drivers\STM32F1xx_HAL_Driver\Src\stm32f1xx_hal.o
 .ARM.attributes
                0x0000007d       0x33 Drivers\STM32F1xx_HAL_Driver\Src\stm32f1xx_hal_cortex.o
 .ARM.attributes
                0x000000b0       0x33 Drivers\STM32F1xx_HAL_Driver\Src\stm32f1xx_hal_gpio.o
 .ARM.attributes
                0x000000e3       0x33 Drivers\STM32F1xx_HAL_Driver\Src\stm32f1xx_hal_i2c.o
 .ARM.attributes
                0x00000116       0x33 Drivers\STM32F1xx_HAL_Driver\Src\stm32f1xx_hal_rcc.o
 .ARM.attributes
                0x00000149       0x33 Drivers\STM32F1xx_HAL_Driver\Src\stm32f1xx_hal_uart.o
 .ARM.attributes
                0x0000017c       0x33 LitoOS\LitoOS.o
 .ARM.attributes
                0x000001af       0x33 LitoOS\list.o
 .ARM.attributes
                0x000001e2       0x33 LitoOS\queue.o
 .ARM.attributes
                0x00000215       0x33 LitoOS\task.o
 .ARM.attributes
                0x00000248       0x33 LitoOS\timer.o
 .ARM.attributes
                0x0000027b       0x33 Src\main.o
 .ARM.attributes
                0x000002ae       0x33 Src\stm32.o
 .ARM.attributes
                0x000002e1       0x33 Src\stm32f1xx_hal_msp.o
 .ARM.attributes
                0x00000314       0x33 Src\stm32f1xx_it.o
 .ARM.attributes
                0x00000347       0x33 Src\syscalls.o
 .ARM.attributes
                0x0000037a       0x33 Src\system_stm32f1xx.o
 .ARM.attributes
                0x000003ad       0x21 startup\startup_stm32f103xe.o
 .ARM.attributes
                0x000003ce       0x2d f:/program files/truestudio/truestudio for stm32 9.3.0/armtools/bin/../lib/gcc/arm-atollic-eabi/6.3.1/../../../../arm-atollic-eabi/lib/armv7-m\libc_nano.a(lib_a-errno.o)
 .ARM.attributes
                0x000003fb       0x2d f:/program files/truestudio/truestudio for stm32 9.3.0/armtools/bin/../lib/gcc/arm-atollic-eabi/6.3.1/../../../../arm-atollic-eabi/lib/armv7-m\libc_nano.a(lib_a-impure.o)
 .ARM.attributes
                0x00000428       0x2d f:/program files/truestudio/truestudio for stm32 9.3.0/armtools/bin/../lib/gcc/arm-atollic-eabi/6.3.1/../../../../arm-atollic-eabi/lib/armv7-m\libc_nano.a(lib_a-init.o)
 .ARM.attributes
                0x00000455       0x2d f:/program files/truestudio/truestudio for stm32 9.3.0/armtools/bin/../lib/gcc/arm-atollic-eabi/6.3.1/../../../../arm-atollic-eabi/lib/armv7-m\libc_nano.a(lib_a-malloc.o)
 .ARM.attributes
                0x00000482       0x2d f:/program files/truestudio/truestudio for stm32 9.3.0/armtools/bin/../lib/gcc/arm-atollic-eabi/6.3.1/../../../../arm-atollic-eabi/lib/armv7-m\libc_nano.a(lib_a-memcpy-stub.o)
 .ARM.attributes
                0x000004af       0x2d f:/program files/truestudio/truestudio for stm32 9.3.0/armtools/bin/../lib/gcc/arm-atollic-eabi/6.3.1/../../../../arm-atollic-eabi/lib/armv7-m\libc_nano.a(lib_a-memset.o)
 .ARM.attributes
                0x000004dc       0x2d f:/program files/truestudio/truestudio for stm32 9.3.0/armtools/bin/../lib/gcc/arm-atollic-eabi/6.3.1/../../../../arm-atollic-eabi/lib/armv7-m\libc_nano.a(lib_a-nano-freer.o)
 .ARM.attributes
                0x00000509       0x2d f:/program files/truestudio/truestudio for stm32 9.3.0/armtools/bin/../lib/gcc/arm-atollic-eabi/6.3.1/../../../../arm-atollic-eabi/lib/armv7-m\libc_nano.a(lib_a-nano-mallocr.o)
 .ARM.attributes
                0x00000536       0x2d f:/program files/truestudio/truestudio for stm32 9.3.0/armtools/bin/../lib/gcc/arm-atollic-eabi/6.3.1/../../../../arm-atollic-eabi/lib/armv7-m\libc_nano.a(lib_a-sbrkr.o)
 .ARM.attributes
                0x00000563       0x2d f:/program files/truestudio/truestudio for stm32 9.3.0/armtools/bin/../lib/gcc/arm-atollic-eabi/6.3.1/../../../../arm-atollic-eabi/lib/armv7-m\libc_nano.a(lib_a-strcpy.o)
 .ARM.attributes
                0x00000590       0x17 f:/program files/truestudio/truestudio for stm32 9.3.0/armtools/bin/../lib/gcc/arm-atollic-eabi/6.3.1/../../../../arm-atollic-eabi/lib/armv7-m\libc_nano.a(lib_a-strlen.o)
 .ARM.attributes
                0x000005a7       0x2d f:/program files/truestudio/truestudio for stm32 9.3.0/armtools/bin/../lib/gcc/arm-atollic-eabi/6.3.1/../../../../arm-atollic-eabi/lib/armv7-m\libc_nano.a(lib_a-mlock.o)
 .ARM.attributes
                0x000005d4       0x2d f:/program files/truestudio/truestudio for stm32 9.3.0/armtools/bin/../lib/gcc/arm-atollic-eabi/6.3.1/../../../../arm-atollic-eabi/lib/armv7-m\libc_nano.a(lib_a-reent.o)
 .ARM.attributes
                0x00000601       0x1d f:/program files/truestudio/truestudio for stm32 9.3.0/armtools/bin/../lib/gcc/arm-atollic-eabi/6.3.1/armv7-m/crtn.o
OUTPUT(stm32ve.elf elf32-littlearm)

.debug_info     0x00000000    0x107d7
 .debug_info    0x00000000      0x833 Drivers\STM32F1xx_HAL_Driver\Src\stm32f1xx_hal.o
 .debug_info    0x00000833      0xd0d Drivers\STM32F1xx_HAL_Driver\Src\stm32f1xx_hal_cortex.o
 .debug_info    0x00001540      0x68d Drivers\STM32F1xx_HAL_Driver\Src\stm32f1xx_hal_gpio.o
 .debug_info    0x00001bcd     0x3496 Drivers\STM32F1xx_HAL_Driver\Src\stm32f1xx_hal_i2c.o
 .debug_info    0x00005063      0xa01 Drivers\STM32F1xx_HAL_Driver\Src\stm32f1xx_hal_rcc.o
 .debug_info    0x00005a64     0x1632 Drivers\STM32F1xx_HAL_Driver\Src\stm32f1xx_hal_uart.o
 .debug_info    0x00007096      0xb36 LitoOS\LitoOS.o
 .debug_info    0x00007bcc      0xa8e LitoOS\list.o
 .debug_info    0x0000865a      0xef6 LitoOS\queue.o
 .debug_info    0x00009550      0xdb4 LitoOS\task.o
 .debug_info    0x0000a304      0xcce LitoOS\timer.o
 .debug_info    0x0000afd2     0x1107 Src\main.o
 .debug_info    0x0000c0d9     0x191e Src\stm32.o
 .debug_info    0x0000d9f7      0xbcc Src\stm32f1xx_hal_msp.o
 .debug_info    0x0000e5c3      0xd9b Src\stm32f1xx_it.o
 .debug_info    0x0000f35e      0xfe1 Src\syscalls.o
 .debug_info    0x0001033f      0x437 Src\system_stm32f1xx.o
 .debug_info    0x00010776       0x61 startup\startup_stm32f103xe.o

.debug_abbrev   0x00000000     0x29e0
 .debug_abbrev  0x00000000      0x24a Drivers\STM32F1xx_HAL_Driver\Src\stm32f1xx_hal.o
 .debug_abbrev  0x0000024a      0x2f8 Drivers\STM32F1xx_HAL_Driver\Src\stm32f1xx_hal_cortex.o
 .debug_abbrev  0x00000542      0x1f1 Drivers\STM32F1xx_HAL_Driver\Src\stm32f1xx_hal_gpio.o
 .debug_abbrev  0x00000733      0x397 Drivers\STM32F1xx_HAL_Driver\Src\stm32f1xx_hal_i2c.o
 .debug_abbrev  0x00000aca      0x2c1 Drivers\STM32F1xx_HAL_Driver\Src\stm32f1xx_hal_rcc.o
 .debug_abbrev  0x00000d8b      0x2f3 Drivers\STM32F1xx_HAL_Driver\Src\stm32f1xx_hal_uart.o
 .debug_abbrev  0x0000107e      0x202 LitoOS\LitoOS.o
 .debug_abbrev  0x00001280      0x218 LitoOS\list.o
 .debug_abbrev  0x00001498      0x28c LitoOS\queue.o
 .debug_abbrev  0x00001724      0x289 LitoOS\task.o
 .debug_abbrev  0x000019ad      0x23a LitoOS\timer.o
 .debug_abbrev  0x00001be7      0x278 Src\main.o
 .debug_abbrev  0x00001e5f      0x326 Src\stm32.o
 .debug_abbrev  0x00002185      0x1c6 Src\stm32f1xx_hal_msp.o
 .debug_abbrev  0x0000234b      0x27b Src\stm32f1xx_it.o
 .debug_abbrev  0x000025c6      0x2d9 Src\syscalls.o
 .debug_abbrev  0x0000289f      0x12f Src\system_stm32f1xx.o
 .debug_abbrev  0x000029ce       0x12 startup\startup_stm32f103xe.o

.debug_loc      0x00000000     0x60b2
 .debug_loc     0x00000000      0x10c Drivers\STM32F1xx_HAL_Driver\Src\stm32f1xx_hal.o
 .debug_loc     0x0000010c      0x487 Drivers\STM32F1xx_HAL_Driver\Src\stm32f1xx_hal_cortex.o
 .debug_loc     0x00000593      0x2e2 Drivers\STM32F1xx_HAL_Driver\Src\stm32f1xx_hal_gpio.o
 .debug_loc     0x00000875     0x2fbc Drivers\STM32F1xx_HAL_Driver\Src\stm32f1xx_hal_i2c.o
 .debug_loc     0x00003831      0x478 Drivers\STM32F1xx_HAL_Driver\Src\stm32f1xx_hal_rcc.o
 .debug_loc     0x00003ca9     0x1362 Drivers\STM32F1xx_HAL_Driver\Src\stm32f1xx_hal_uart.o
 .debug_loc     0x0000500b      0x165 LitoOS\list.o
 .debug_loc     0x00005170      0x423 LitoOS\queue.o
 .debug_loc     0x00005593      0x116 LitoOS\task.o
 .debug_loc     0x000056a9      0x29e LitoOS\timer.o
 .debug_loc     0x00005947       0x42 Src\main.o
 .debug_loc     0x00005989       0xf0 Src\stm32.o
 .debug_loc     0x00005a79       0x84 Src\stm32f1xx_hal_msp.o
 .debug_loc     0x00005afd       0xf9 Src\stm32f1xx_it.o
 .debug_loc     0x00005bf6      0x3ef Src\syscalls.o
 .debug_loc     0x00005fe5       0xcd Src\system_stm32f1xx.o

.debug_aranges  0x00000000      0x8b8
 .debug_aranges
                0x00000000       0xd8 Drivers\STM32F1xx_HAL_Driver\Src\stm32f1xx_hal.o
 .debug_aranges
                0x000000d8       0x90 Drivers\STM32F1xx_HAL_Driver\Src\stm32f1xx_hal_cortex.o
 .debug_aranges
                0x00000168       0x58 Drivers\STM32F1xx_HAL_Driver\Src\stm32f1xx_hal_gpio.o
 .debug_aranges
                0x000001c0      0x1b0 Drivers\STM32F1xx_HAL_Driver\Src\stm32f1xx_hal_i2c.o
 .debug_aranges
                0x00000370       0x88 Drivers\STM32F1xx_HAL_Driver\Src\stm32f1xx_hal_rcc.o
 .debug_aranges
                0x000003f8      0x170 Drivers\STM32F1xx_HAL_Driver\Src\stm32f1xx_hal_uart.o
 .debug_aranges
                0x00000568       0x28 LitoOS\LitoOS.o
 .debug_aranges
                0x00000590       0x38 LitoOS\list.o
 .debug_aranges
                0x000005c8       0x38 LitoOS\queue.o
 .debug_aranges
                0x00000600       0x50 LitoOS\task.o
 .debug_aranges
                0x00000650       0x30 LitoOS\timer.o
 .debug_aranges
                0x00000680       0x38 Src\main.o
 .debug_aranges
                0x000006b8       0x70 Src\stm32.o
 .debug_aranges
                0x00000728       0x38 Src\stm32f1xx_hal_msp.o
 .debug_aranges
                0x00000760       0x58 Src\stm32f1xx_it.o
 .debug_aranges
                0x000007b8       0xb0 Src\syscalls.o
 .debug_aranges
                0x00000868       0x28 Src\system_stm32f1xx.o
 .debug_aranges
                0x00000890       0x28 startup\startup_stm32f103xe.o

.debug_ranges   0x00000000      0xca8
 .debug_ranges  0x00000000       0xc8 Drivers\STM32F1xx_HAL_Driver\Src\stm32f1xx_hal.o
 .debug_ranges  0x000000c8      0x128 Drivers\STM32F1xx_HAL_Driver\Src\stm32f1xx_hal_cortex.o
 .debug_ranges  0x000001f0       0x68 Drivers\STM32F1xx_HAL_Driver\Src\stm32f1xx_hal_gpio.o
 .debug_ranges  0x00000258      0x4b8 Drivers\STM32F1xx_HAL_Driver\Src\stm32f1xx_hal_i2c.o
 .debug_ranges  0x00000710       0xa0 Drivers\STM32F1xx_HAL_Driver\Src\stm32f1xx_hal_rcc.o
 .debug_ranges  0x000007b0      0x190 Drivers\STM32F1xx_HAL_Driver\Src\stm32f1xx_hal_uart.o
 .debug_ranges  0x00000940       0x18 LitoOS\LitoOS.o
 .debug_ranges  0x00000958       0x28 LitoOS\list.o
 .debug_ranges  0x00000980       0x28 LitoOS\queue.o
 .debug_ranges  0x000009a8       0x40 LitoOS\task.o
 .debug_ranges  0x000009e8       0x20 LitoOS\timer.o
 .debug_ranges  0x00000a08       0x28 Src\main.o
 .debug_ranges  0x00000a30       0xa8 Src\stm32.o
 .debug_ranges  0x00000ad8       0xb0 Src\stm32f1xx_hal_msp.o
 .debug_ranges  0x00000b88       0x48 Src\stm32f1xx_it.o
 .debug_ranges  0x00000bd0       0xa0 Src\syscalls.o
 .debug_ranges  0x00000c70       0x18 Src\system_stm32f1xx.o
 .debug_ranges  0x00000c88       0x20 startup\startup_stm32f103xe.o

.debug_line     0x00000000     0x611c
 .debug_line    0x00000000      0x3e5 Drivers\STM32F1xx_HAL_Driver\Src\stm32f1xx_hal.o
 .debug_line    0x000003e5      0x3e0 Drivers\STM32F1xx_HAL_Driver\Src\stm32f1xx_hal_cortex.o
 .debug_line    0x000007c5      0x3be Drivers\STM32F1xx_HAL_Driver\Src\stm32f1xx_hal_gpio.o
 .debug_line    0x00000b83     0x1e30 Drivers\STM32F1xx_HAL_Driver\Src\stm32f1xx_hal_i2c.o
 .debug_line    0x000029b3      0x57c Drivers\STM32F1xx_HAL_Driver\Src\stm32f1xx_hal_rcc.o
 .debug_line    0x00002f2f      0xbd4 Drivers\STM32F1xx_HAL_Driver\Src\stm32f1xx_hal_uart.o
 .debug_line    0x00003b03      0x2e7 LitoOS\LitoOS.o
 .debug_line    0x00003dea      0x2c4 LitoOS\list.o
 .debug_line    0x000040ae      0x3ce LitoOS\queue.o
 .debug_line    0x0000447c      0x3a9 LitoOS\task.o
 .debug_line    0x00004825      0x38f LitoOS\timer.o
 .debug_line    0x00004bb4      0x3e3 Src\main.o
 .debug_line    0x00004f97      0x495 Src\stm32.o
 .debug_line    0x0000542c      0x2c2 Src\stm32f1xx_hal_msp.o
 .debug_line    0x000056ee      0x3db Src\stm32f1xx_it.o
 .debug_line    0x00005ac9      0x3b4 Src\syscalls.o
 .debug_line    0x00005e7d      0x222 Src\system_stm32f1xx.o
 .debug_line    0x0000609f       0x7d startup\startup_stm32f103xe.o

.debug_str      0x00000000     0x33cc
 .debug_str     0x00000000      0x8cd Drivers\STM32F1xx_HAL_Driver\Src\stm32f1xx_hal.o
                                0x936 (size before relaxing)
 .debug_str     0x000008cd      0x3c5 Drivers\STM32F1xx_HAL_Driver\Src\stm32f1xx_hal_cortex.o
                                0xa58 (size before relaxing)
 .debug_str     0x00000c92      0x1c4 Drivers\STM32F1xx_HAL_Driver\Src\stm32f1xx_hal_gpio.o
                                0x4c5 (size before relaxing)
 .debug_str     0x00000e56      0xcee Drivers\STM32F1xx_HAL_Driver\Src\stm32f1xx_hal_i2c.o
                               0x1028 (size before relaxing)
 .debug_str     0x00001b44      0x311 Drivers\STM32F1xx_HAL_Driver\Src\stm32f1xx_hal_rcc.o
                                0x6ae (size before relaxing)
 .debug_str     0x00001e55      0x6e5 Drivers\STM32F1xx_HAL_Driver\Src\stm32f1xx_hal_uart.o
                                0xc3e (size before relaxing)
 .debug_str     0x0000253a      0x519 LitoOS\LitoOS.o
                                0x7d4 (size before relaxing)
 .debug_str     0x00002a53       0xf8 LitoOS\list.o
                                0x6ca (size before relaxing)
 .debug_str     0x00002b4b      0x1c6 LitoOS\queue.o
                                0x96c (size before relaxing)
 .debug_str     0x00002d11       0xb6 LitoOS\task.o
                                0x930 (size before relaxing)
 .debug_str     0x00002dc7      0x143 LitoOS\timer.o
                                0x946 (size before relaxing)
 .debug_str     0x00002f0a       0x57 Src\main.o
                                0xaee (size before relaxing)
 .debug_str     0x00002f61       0xe3 Src\stm32.o
                               0x1137 (size before relaxing)
 .debug_str     0x00003044       0x1b Src\stm32f1xx_hal_msp.o
                                0x9a6 (size before relaxing)
 .debug_str     0x0000305f       0xd4 Src\stm32f1xx_it.o
                                0xa23 (size before relaxing)
 .debug_str     0x00003133      0x24c Src\syscalls.o
                                0x840 (size before relaxing)
 .debug_str     0x0000337f       0x4d Src\system_stm32f1xx.o
                                0x334 (size before relaxing)

.comment        0x00000000       0x7c
 .comment       0x00000000       0x7c Drivers\STM32F1xx_HAL_Driver\Src\stm32f1xx_hal.o
                                 0x7d (size before relaxing)
 .comment       0x0000007c       0x7d Drivers\STM32F1xx_HAL_Driver\Src\stm32f1xx_hal_cortex.o
 .comment       0x0000007c       0x7d Drivers\STM32F1xx_HAL_Driver\Src\stm32f1xx_hal_gpio.o
 .comment       0x0000007c       0x7d Drivers\STM32F1xx_HAL_Driver\Src\stm32f1xx_hal_i2c.o
 .comment       0x0000007c       0x7d Drivers\STM32F1xx_HAL_Driver\Src\stm32f1xx_hal_rcc.o
 .comment       0x0000007c       0x7d Drivers\STM32F1xx_HAL_Driver\Src\stm32f1xx_hal_uart.o
 .comment       0x0000007c       0x7d LitoOS\LitoOS.o
 .comment       0x0000007c       0x7d LitoOS\list.o
 .comment       0x0000007c       0x7d LitoOS\queue.o
 .comment       0x0000007c       0x7d LitoOS\task.o
 .comment       0x0000007c       0x7d LitoOS\timer.o
 .comment       0x0000007c       0x7d Src\main.o
 .comment       0x0000007c       0x7d Src\stm32.o
 .comment       0x0000007c       0x7d Src\stm32f1xx_hal_msp.o
 .comment       0x0000007c       0x7d Src\stm32f1xx_it.o
 .comment       0x0000007c       0x7d Src\syscalls.o
 .comment       0x0000007c       0x7d Src\system_stm32f1xx.o

.debug_frame    0x00000000     0x1964
 .debug_frame   0x00000000      0x1d4 Drivers\STM32F1xx_HAL_Driver\Src\stm32f1xx_hal.o
 .debug_frame   0x000001d4      0x120 Drivers\STM32F1xx_HAL_Driver\Src\stm32f1xx_hal_cortex.o
 .debug_frame   0x000002f4       0xd4 Drivers\STM32F1xx_HAL_Driver\Src\stm32f1xx_hal_gpio.o
 .debug_frame   0x000003c8      0x700 Drivers\STM32F1xx_HAL_Driver\Src\stm32f1xx_hal_i2c.o
 .debug_frame   0x00000ac8      0x150 Drivers\STM32F1xx_HAL_Driver\Src\stm32f1xx_hal_rcc.o
 .debug_frame   0x00000c18      0x498 Drivers\STM32F1xx_HAL_Driver\Src\stm32f1xx_hal_uart.o
 .debug_frame   0x000010b0       0x44 LitoOS\LitoOS.o
 .debug_frame   0x000010f4       0x60 LitoOS\list.o
 .debug_frame   0x00001154       0x8c LitoOS\queue.o
 .debug_frame   0x000011e0       0xb0 LitoOS\task.o
 .debug_frame   0x00001290       0x64 LitoOS\timer.o
 .debug_frame   0x000012f4       0x70 Src\main.o
 .debug_frame   0x00001364       0xf4 Src\stm32.o
 .debug_frame   0x00001458       0x78 Src\stm32f1xx_hal_msp.o
 .debug_frame   0x000014d0       0xbc Src\stm32f1xx_it.o
 .debug_frame   0x0000158c      0x1a8 Src\syscalls.o
 .debug_frame   0x00001734       0x30 Src\system_stm32f1xx.o
 .debug_frame   0x00001764       0x20 f:/program files/truestudio/truestudio for stm32 9.3.0/armtools/bin/../lib/gcc/arm-atollic-eabi/6.3.1/../../../../arm-atollic-eabi/lib/armv7-m\libc_nano.a(lib_a-errno.o)
 .debug_frame   0x00001784       0x2c f:/program files/truestudio/truestudio for stm32 9.3.0/armtools/bin/../lib/gcc/arm-atollic-eabi/6.3.1/../../../../arm-atollic-eabi/lib/armv7-m\libc_nano.a(lib_a-init.o)
 .debug_frame   0x000017b0       0x30 f:/program files/truestudio/truestudio for stm32 9.3.0/armtools/bin/../lib/gcc/arm-atollic-eabi/6.3.1/../../../../arm-atollic-eabi/lib/armv7-m\libc_nano.a(lib_a-malloc.o)
 .debug_frame   0x000017e0       0x28 f:/program files/truestudio/truestudio for stm32 9.3.0/armtools/bin/../lib/gcc/arm-atollic-eabi/6.3.1/../../../../arm-atollic-eabi/lib/armv7-m\libc_nano.a(lib_a-memcpy-stub.o)
 .debug_frame   0x00001808       0x20 f:/program files/truestudio/truestudio for stm32 9.3.0/armtools/bin/../lib/gcc/arm-atollic-eabi/6.3.1/../../../../arm-atollic-eabi/lib/armv7-m\libc_nano.a(lib_a-memset.o)
 .debug_frame   0x00001828       0x38 f:/program files/truestudio/truestudio for stm32 9.3.0/armtools/bin/../lib/gcc/arm-atollic-eabi/6.3.1/../../../../arm-atollic-eabi/lib/armv7-m\libc_nano.a(lib_a-nano-freer.o)
 .debug_frame   0x00001860       0x2c f:/program files/truestudio/truestudio for stm32 9.3.0/armtools/bin/../lib/gcc/arm-atollic-eabi/6.3.1/../../../../arm-atollic-eabi/lib/armv7-m\libc_nano.a(lib_a-nano-mallocr.o)
 .debug_frame   0x0000188c       0x2c f:/program files/truestudio/truestudio for stm32 9.3.0/armtools/bin/../lib/gcc/arm-atollic-eabi/6.3.1/../../../../arm-atollic-eabi/lib/armv7-m\libc_nano.a(lib_a-sbrkr.o)
 .debug_frame   0x000018b8       0x20 f:/program files/truestudio/truestudio for stm32 9.3.0/armtools/bin/../lib/gcc/arm-atollic-eabi/6.3.1/../../../../arm-atollic-eabi/lib/armv7-m\libc_nano.a(lib_a-strcpy.o)
 .debug_frame   0x000018d8       0x30 f:/program files/truestudio/truestudio for stm32 9.3.0/armtools/bin/../lib/gcc/arm-atollic-eabi/6.3.1/../../../../arm-atollic-eabi/lib/armv7-m\libc_nano.a(lib_a-mlock.o)
 .debug_frame   0x00001908       0x5c f:/program files/truestudio/truestudio for stm32 9.3.0/armtools/bin/../lib/gcc/arm-atollic-eabi/6.3.1/../../../../arm-atollic-eabi/lib/armv7-m\libc_nano.a(lib_a-reent.o)
