Archive member included to satisfy reference by file (symbol)

d:/truestudio/truestudio for stm32 9.3.0/armtools/bin/../lib/gcc/arm-atollic-eabi/6.3.1/../../../../arm-atollic-eabi/lib/armv7-m\libc_nano.a(lib_a-errno.o)
                              Src\syscalls.o (__errno)
d:/truestudio/truestudio for stm32 9.3.0/armtools/bin/../lib/gcc/arm-atollic-eabi/6.3.1/../../../../arm-atollic-eabi/lib/armv7-m\libc_nano.a(lib_a-impure.o)
                              d:/truestudio/truestudio for stm32 9.3.0/armtools/bin/../lib/gcc/arm-atollic-eabi/6.3.1/../../../../arm-atollic-eabi/lib/armv7-m\libc_nano.a(lib_a-errno.o) (_impure_ptr)
d:/truestudio/truestudio for stm32 9.3.0/armtools/bin/../lib/gcc/arm-atollic-eabi/6.3.1/../../../../arm-atollic-eabi/lib/armv7-m\libc_nano.a(lib_a-init.o)
                              startup\startup_stm32f103xe.o (__libc_init_array)
d:/truestudio/truestudio for stm32 9.3.0/armtools/bin/../lib/gcc/arm-atollic-eabi/6.3.1/../../../../arm-atollic-eabi/lib/armv7-m\libc_nano.a(lib_a-malloc.o)
                              LitoOS\list.o (malloc)
d:/truestudio/truestudio for stm32 9.3.0/armtools/bin/../lib/gcc/arm-atollic-eabi/6.3.1/../../../../arm-atollic-eabi/lib/armv7-m\libc_nano.a(lib_a-memcpy-stub.o)
                              LitoOS\queue.o (memcpy)
d:/truestudio/truestudio for stm32 9.3.0/armtools/bin/../lib/gcc/arm-atollic-eabi/6.3.1/../../../../arm-atollic-eabi/lib/armv7-m\libc_nano.a(lib_a-memset.o)
                              Drivers\STM32F1xx_HAL_Driver\Src\stm32f1xx_hal_rcc.o (memset)
d:/truestudio/truestudio for stm32 9.3.0/armtools/bin/../lib/gcc/arm-atollic-eabi/6.3.1/../../../../arm-atollic-eabi/lib/armv7-m\libc_nano.a(lib_a-nano-freer.o)
                              d:/truestudio/truestudio for stm32 9.3.0/armtools/bin/../lib/gcc/arm-atollic-eabi/6.3.1/../../../../arm-atollic-eabi/lib/armv7-m\libc_nano.a(lib_a-malloc.o) (_free_r)
d:/truestudio/truestudio for stm32 9.3.0/armtools/bin/../lib/gcc/arm-atollic-eabi/6.3.1/../../../../arm-atollic-eabi/lib/armv7-m\libc_nano.a(lib_a-nano-mallocr.o)
                              d:/truestudio/truestudio for stm32 9.3.0/armtools/bin/../lib/gcc/arm-atollic-eabi/6.3.1/../../../../arm-atollic-eabi/lib/armv7-m\libc_nano.a(lib_a-malloc.o) (_malloc_r)
d:/truestudio/truestudio for stm32 9.3.0/armtools/bin/../lib/gcc/arm-atollic-eabi/6.3.1/../../../../arm-atollic-eabi/lib/armv7-m\libc_nano.a(lib_a-sbrkr.o)
                              d:/truestudio/truestudio for stm32 9.3.0/armtools/bin/../lib/gcc/arm-atollic-eabi/6.3.1/../../../../arm-atollic-eabi/lib/armv7-m\libc_nano.a(lib_a-nano-mallocr.o) (_sbrk_r)
d:/truestudio/truestudio for stm32 9.3.0/armtools/bin/../lib/gcc/arm-atollic-eabi/6.3.1/../../../../arm-atollic-eabi/lib/armv7-m\libc_nano.a(lib_a-strcpy.o)
                              Src\main.o (strcpy)
d:/truestudio/truestudio for stm32 9.3.0/armtools/bin/../lib/gcc/arm-atollic-eabi/6.3.1/../../../../arm-atollic-eabi/lib/armv7-m\libc_nano.a(lib_a-strlen.o)
                              Src\main.o (strlen)
d:/truestudio/truestudio for stm32 9.3.0/armtools/bin/../lib/gcc/arm-atollic-eabi/6.3.1/../../../../arm-atollic-eabi/lib/armv7-m\libc_nano.a(lib_a-mlock.o)
                              d:/truestudio/truestudio for stm32 9.3.0/armtools/bin/../lib/gcc/arm-atollic-eabi/6.3.1/../../../../arm-atollic-eabi/lib/armv7-m\libc_nano.a(lib_a-nano-freer.o) (__malloc_lock)
d:/truestudio/truestudio for stm32 9.3.0/armtools/bin/../lib/gcc/arm-atollic-eabi/6.3.1/../../../../arm-atollic-eabi/lib/armv7-m\libc_nano.a(lib_a-reent.o)
                              d:/truestudio/truestudio for stm32 9.3.0/armtools/bin/../lib/gcc/arm-atollic-eabi/6.3.1/../../../../arm-atollic-eabi/lib/armv7-m\libc_nano.a(lib_a-sbrkr.o) (errno)
d:/truestudio/truestudio for stm32 9.3.0/armtools/bin/../lib/gcc/arm-atollic-eabi/6.3.1/armv7-m\libgcc.a(_lshrdi3.o)
                              Drivers\STM32F1xx_HAL_Driver\Src\stm32f1xx_hal_flash.o (__aeabi_llsr)

Allocating common symbols
Common symbol       size              file

pid                 0x4               LitoOS\task.o
errno               0x4               d:/truestudio/truestudio for stm32 9.3.0/armtools/bin/../lib/gcc/arm-atollic-eabi/6.3.1/../../../../arm-atollic-eabi/lib/armv7-m\libc_nano.a(lib_a-reent.o)
hi2c1               0x54              Src\stm32.o
tcb_save            0x4               Src\stm32.o
tcb_load            0x4               Src\stm32.o
uwTick              0x4               Drivers\STM32F1xx_HAL_Driver\Src\stm32f1xx_hal.o
pFlash              0x20              Drivers\STM32F1xx_HAL_Driver\Src\stm32f1xx_hal_flash.o
ready_queue         0x4               LitoOS\task.o
huart1              0x40              Src\main.o
lt_schedule_status  0x1               LitoOS\LitoOS.o
tcb_running         0x4               LitoOS\task.o
timer_event_list    0x4               LitoOS\timer.o
tcb_item_running_task
                    0x4               LitoOS\task.o

Discarded input sections

[...]
Memory Configuration

Name             Origin             Length             Attributes
RAM              0x20000000         0x00010000         xrw
FLASH            0x08000000         0x00080000         xr
*default*        0x00000000         0xffffffff

Linker script and memory map

LOAD d:/truestudio/truestudio for stm32 9.3.0/armtools/bin/../lib/gcc/arm-atollic-eabi/6.3.1/armv7-m/crti.o
LOAD d:/truestudio/truestudio for stm32 9.3.0/armtools/bin/../lib/gcc/arm-atollic-eabi/6.3.1/armv7-m/crtbegin.o
LOAD Drivers\STM32F1xx_HAL_Driver\Src\stm32f1xx_hal.o
LOAD Drivers\STM32F1xx_HAL_Driver\Src\stm32f1xx_hal_cortex.o
LOAD Drivers\STM32F1xx_HAL_Driver\Src\stm32f1xx_hal_dma.o
LOAD Drivers\STM32F1xx_HAL_Driver\Src\stm32f1xx_hal_exti.o
LOAD Drivers\STM32F1xx_HAL_Driver\Src\stm32f1xx_hal_flash.o
LOAD Drivers\STM32F1xx_HAL_Driver\Src\stm32f1xx_hal_flash_ex.o
LOAD Drivers\STM32F1xx_HAL_Driver\Src\stm32f1xx_hal_gpio.o
LOAD Drivers\STM32F1xx_HAL_Driver\Src\stm32f1xx_hal_gpio_ex.o
LOAD Drivers\STM32F1xx_HAL_Driver\Src\stm32f1xx_hal_i2c.o
LOAD Drivers\STM32F1xx_HAL_Driver\Src\stm32f1xx_hal_pwr.o
LOAD Drivers\STM32F1xx_HAL_Driver\Src\stm32f1xx_hal_rcc.o
LOAD Drivers\STM32F1xx_HAL_Driver\Src\stm32f1xx_hal_rcc_ex.o
LOAD Drivers\STM32F1xx_HAL_Driver\Src\stm32f1xx_hal_tim.o
LOAD Drivers\STM32F1xx_HAL_Driver\Src\stm32f1xx_hal_tim_ex.o
LOAD Drivers\STM32F1xx_HAL_Driver\Src\stm32f1xx_hal_uart.o
LOAD LitoOS\LitoOS.o
LOAD LitoOS\list.o
LOAD LitoOS\queue.o
LOAD LitoOS\schedule.o
LOAD LitoOS\semaphore_mutex.o
LOAD LitoOS\task.o
LOAD LitoOS\timer.o
LOAD Src\main.o
LOAD Src\stm32.o
LOAD Src\stm32f1xx_hal_msp.o
LOAD Src\stm32f1xx_it.o
LOAD Src\syscalls.o
LOAD Src\system_stm32f1xx.o
LOAD startup\startup_stm32f103xe.o
                0x00000080                malloc_getpagesize_P = 0x80
START GROUP
LOAD d:/truestudio/truestudio for stm32 9.3.0/armtools/bin/../lib/gcc/arm-atollic-eabi/6.3.1/../../../../arm-atollic-eabi/lib/armv7-m\libc_nano.a
LOAD d:/truestudio/truestudio for stm32 9.3.0/armtools/bin/../lib/gcc/arm-atollic-eabi/6.3.1/../../../../arm-atollic-eabi/lib/armv7-m\libm.a
END GROUP
START GROUP
LOAD d:/truestudio/truestudio for stm32 9.3.0/armtools/bin/../lib/gcc/arm-atollic-eabi/6.3.1/armv7-m\libgcc.a
LOAD d:/truestudio/truestudio for stm32 9.3.0/armtools/bin/../lib/gcc/arm-atollic-eabi/6.3.1/../../../../arm-atollic-eabi/lib/armv7-m\libc_nano.a
END GROUP
START GROUP
LOAD d:/truestudio/truestudio for stm32 9.3.0/armtools/bin/../lib/gcc/arm-atollic-eabi/6.3.1/armv7-m\libgcc.a
LOAD d:/truestudio/truestudio for stm32 9.3.0/armtools/bin/../lib/gcc/arm-atollic-eabi/6.3.1/../../../../arm-atollic-eabi/lib/armv7-m\libc_nano.a
LOAD d:/truestudio/truestudio for stm32 9.3.0/armtools/bin/../lib/gcc/arm-atollic-eabi/6.3.1/../../../../arm-atollic-eabi/lib/armv7-m\libnosys.a
END GROUP
START GROUP
LOAD d:/truestudio/truestudio for stm32 9.3.0/armtools/bin/../lib/gcc/arm-atollic-eabi/6.3.1/armv7-m\libgcc.a
LOAD d:/truestudio/truestudio for stm32 9.3.0/armtools/bin/../lib/gcc/arm-atollic-eabi/6.3.1/../../../../arm-atollic-eabi/lib/armv7-m\libc_nano.a
LOAD d:/truestudio/truestudio for stm32 9.3.0/armtools/bin/../lib/gcc/arm-atollic-eabi/6.3.1/../../../../arm-atollic-eabi/lib/armv7-m\libnosys.a
END GROUP
LOAD d:/truestudio/truestudio for stm32 9.3.0/armtools/bin/../lib/gcc/arm-atollic-eabi/6.3.1/armv7-m/crtend.o
LOAD d:/truestudio/truestudio for stm32 9.3.0/armtools/bin/../lib/gcc/arm-atollic-eabi/6.3.1/armv7-m/crtn.o
                0x20010000                _estack = 0x20010000
                0x00000200                _Min_Heap_Size = 0x200
                0x00000400                _Min_Stack_Size = 0x400

.isr_vector     0x08000000      0x1e4
                0x08000000                . = ALIGN (0x4)
 *(.isr_vector)
 .isr_vector    0x08000000      0x1e4 startup\startup_stm32f103xe.o
                0x08000000                g_pfnVectors
                0x080001e4                . = ALIGN (0x4)

.text           0x080001e4     0x14bc
                0x080001e4                . = ALIGN (0x4)
 *(.text)
 .text          0x080001e4       0x40 d:/truestudio/truestudio for stm32 9.3.0/armtools/bin/../lib/gcc/arm-atollic-eabi/6.3.1/armv7-m/crtbegin.o
 .text          0x08000224       0x10 d:/truestudio/truestudio for stm32 9.3.0/armtools/bin/../lib/gcc/arm-atollic-eabi/6.3.1/../../../../arm-atollic-eabi/lib/armv7-m\libc_nano.a(lib_a-strlen.o)
                0x08000224                strlen
 *(.text*)
 .text.HAL_InitTick
                0x08000234       0x48 Drivers\STM32F1xx_HAL_Driver\Src\stm32f1xx_hal.o
                0x08000234                HAL_InitTick
 .text.HAL_Init
                0x0800027c       0x24 Drivers\STM32F1xx_HAL_Driver\Src\stm32f1xx_hal.o
                0x0800027c                HAL_Init
 .text.HAL_IncTick
                0x080002a0       0x18 Drivers\STM32F1xx_HAL_Driver\Src\stm32f1xx_hal.o
                0x080002a0                HAL_IncTick
 .text.HAL_GetTick
                0x080002b8        0xc Drivers\STM32F1xx_HAL_Driver\Src\stm32f1xx_hal.o
                0x080002b8                HAL_GetTick
 .text.HAL_Delay
                0x080002c4       0x24 Drivers\STM32F1xx_HAL_Driver\Src\stm32f1xx_hal.o
                0x080002c4                HAL_Delay
 .text.HAL_NVIC_SetPriorityGrouping
                0x080002e8       0x24 Drivers\STM32F1xx_HAL_Driver\Src\stm32f1xx_hal_cortex.o
                0x080002e8                HAL_NVIC_SetPriorityGrouping
 .text.HAL_NVIC_SetPriority
                0x0800030c       0x68 Drivers\STM32F1xx_HAL_Driver\Src\stm32f1xx_hal_cortex.o
                0x0800030c                HAL_NVIC_SetPriority
 .text.HAL_SYSTICK_Config
                0x08000374       0x2c Drivers\STM32F1xx_HAL_Driver\Src\stm32f1xx_hal_cortex.o
                0x08000374                HAL_SYSTICK_Config
 .text.HAL_GPIO_Init
                0x080003a0      0x1d8 Drivers\STM32F1xx_HAL_Driver\Src\stm32f1xx_hal_gpio.o
                0x080003a0                HAL_GPIO_Init
 .text.HAL_GPIO_WritePin
                0x08000578        0xa Drivers\STM32F1xx_HAL_Driver\Src\stm32f1xx_hal_gpio.o
                0x08000578                HAL_GPIO_WritePin
 *fill*         0x08000582        0x2 
 .text.HAL_RCC_OscConfig
                0x08000584      0x33c Drivers\STM32F1xx_HAL_Driver\Src\stm32f1xx_hal_rcc.o
                0x08000584                HAL_RCC_OscConfig
 .text.HAL_RCC_GetSysClockFreq
                0x080008c0       0x78 Drivers\STM32F1xx_HAL_Driver\Src\stm32f1xx_hal_rcc.o
                0x080008c0                HAL_RCC_GetSysClockFreq
 .text.HAL_RCC_ClockConfig
                0x08000938      0x13c Drivers\STM32F1xx_HAL_Driver\Src\stm32f1xx_hal_rcc.o
                0x08000938                HAL_RCC_ClockConfig
 .text.HAL_RCC_GetPCLK1Freq
                0x08000a74       0x20 Drivers\STM32F1xx_HAL_Driver\Src\stm32f1xx_hal_rcc.o
                0x08000a74                HAL_RCC_GetPCLK1Freq
 .text.HAL_RCC_GetPCLK2Freq
                0x08000a94       0x20 Drivers\STM32F1xx_HAL_Driver\Src\stm32f1xx_hal_rcc.o
                0x08000a94                HAL_RCC_GetPCLK2Freq
 .text.UART_SetConfig
                0x08000ab4       0x74 Drivers\STM32F1xx_HAL_Driver\Src\stm32f1xx_hal_uart.o
 .text.UART_WaitOnFlagUntilTimeout.constprop.3
                0x08000b28       0x50 Drivers\STM32F1xx_HAL_Driver\Src\stm32f1xx_hal_uart.o
 .text.HAL_UART_Init
                0x08000b78       0x5c Drivers\STM32F1xx_HAL_Driver\Src\stm32f1xx_hal_uart.o
                0x08000b78                HAL_UART_Init
 .text.HAL_UART_Transmit
                0x08000bd4       0xb8 Drivers\STM32F1xx_HAL_Driver\Src\stm32f1xx_hal_uart.o
                0x08000bd4                HAL_UART_Transmit
 .text.Lito_init
                0x08000c8c       0x48 LitoOS\LitoOS.o
                0x08000c8c                Lito_init
 .text.Lito_start
                0x08000cd4       0x1c LitoOS\LitoOS.o
                0x08000cd4                Lito_start
 .text.LT_list_create
                0x08000cf0       0x18 LitoOS\list.o
                0x08000cf0                LT_list_create
 .text.LT_list_insert
                0x08000d08       0x5e LitoOS\list.o
                0x08000d08                LT_list_insert
 .text.LT_list_remove
                0x08000d66       0x6e LitoOS\list.o
                0x08000d66                LT_list_remove
 .text._queue_put
                0x08000dd4       0xd4 LitoOS\queue.o
                0x08000dd4                _queue_put
 .text.insert_OK
                0x08000ea8       0x1e LitoOS\schedule.o
                0x08000ea8                insert_OK
 *fill*         0x08000ec6        0x2 
 .text.LT_ready_queue_init
                0x08000ec8       0x1c LitoOS\task.o
                0x08000ec8                LT_ready_queue_init
 .text.LT_ready_queue_insert
                0x08000ee4       0x14 LitoOS\task.o
                0x08000ee4                LT_ready_queue_insert
 .text.LT_task_create
                0x08000ef8       0x56 LitoOS\task.o
                0x08000ef8                LT_task_create
 .text.LT_task_switch
                0x08000f4e        0x4 LitoOS\task.o
                0x08000f4e                LT_task_switch
 *fill*         0x08000f52        0x2 
 .text.LT_tcb_item_running_task_update
                0x08000f54       0x20 LitoOS\task.o
                0x08000f54                LT_tcb_item_running_task_update
 .text.LT_timer_event_init
                0x08000f74       0x18 LitoOS\timer.o
                0x08000f74                LT_timer_event_init
 .text.task1    0x08000f8c       0x30 Src\main.o
                0x08000f8c                task1
 .text.task2    0x08000fbc       0x44 Src\main.o
                0x08000fbc                task2
 .text.startup.main
                0x08001000       0x4c Src\main.o
                0x08001000                main
 .text.lr_temp  0x0800104c        0x2 Src\stm32.o
                0x0800104c                lr_temp
 *fill*         0x0800104e        0x2 
 .text.hardware_context_switch
                0x08001050       0x18 Src\stm32.o
                0x08001050                hardware_context_switch
 .text.hardware_TCB_init
                0x08001068       0x44 Src\stm32.o
                0x08001068                hardware_TCB_init
 .text.LT_IRQ_enable
                0x080010ac       0x12 Src\stm32.o
                0x080010ac                LT_IRQ_enable
 .text.LT_IRQ_disable
                0x080010be       0x12 Src\stm32.o
                0x080010be                LT_IRQ_disable
 .text.SystemClock_Config
                0x080010d0       0x54 Src\stm32.o
                0x080010d0                SystemClock_Config
 .text.hardware_init
                0x08001124       0x94 Src\stm32.o
                0x08001124                hardware_init
 .text.LT_dummy_task
                0x080011b8        0xc Src\stm32.o
                0x080011b8                LT_dummy_task
 .text.LT_first_task_start
                0x080011c4       0x20 Src\stm32.o
                0x080011c4                LT_first_task_start
 .text.HAL_MspInit
                0x080011e4       0x44 Src\stm32f1xx_hal_msp.o
                0x080011e4                HAL_MspInit
 .text.HAL_UART_MspInit
                0x08001228       0x78 Src\stm32f1xx_hal_msp.o
                0x08001228                HAL_UART_MspInit
 .text.NMI_Handler
                0x080012a0        0x2 Src\stm32f1xx_it.o
                0x080012a0                NMI_Handler
 .text.HardFault_Handler
                0x080012a2        0x2 Src\stm32f1xx_it.o
                0x080012a2                HardFault_Handler
 .text.MemManage_Handler
                0x080012a4        0x2 Src\stm32f1xx_it.o
                0x080012a4                MemManage_Handler
 .text.BusFault_Handler
                0x080012a6        0x2 Src\stm32f1xx_it.o
                0x080012a6                BusFault_Handler
 .text.UsageFault_Handler
                0x080012a8        0x2 Src\stm32f1xx_it.o
                0x080012a8                UsageFault_Handler
 *fill*         0x080012aa        0x2 
 .text.SVC_Handler
                0x080012ac       0x28 Src\stm32f1xx_it.o
                0x080012ac                SVC_Handler
 .text.DebugMon_Handler
                0x080012d4        0x2 Src\stm32f1xx_it.o
                0x080012d4                DebugMon_Handler
 *fill*         0x080012d6        0x2 
 .text.PendSV_Handler
                0x080012d8       0x38 Src\stm32f1xx_it.o
                0x080012d8                PendSV_Handler
 .text.SysTick_Handler
                0x08001310       0x88 Src\stm32f1xx_it.o
                0x08001310                SysTick_Handler
 .text._sbrk    0x08001398       0x34 Src\syscalls.o
                0x08001398                _sbrk
 .text.SystemInit
                0x080013cc       0x4c Src\system_stm32f1xx.o
                0x080013cc                SystemInit
 .text.Reset_Handler
                0x08001418       0x48 startup\startup_stm32f103xe.o
                0x08001418                Reset_Handler
 .text.Default_Handler
                0x08001460        0x2 startup\startup_stm32f103xe.o
                0x08001460                RTC_Alarm_IRQHandler
                0x08001460                EXTI2_IRQHandler
                0x08001460                TIM8_TRG_COM_IRQHandler
                0x08001460                TIM8_CC_IRQHandler
                0x08001460                TIM1_CC_IRQHandler
                0x08001460                TIM6_IRQHandler
                0x08001460                PVD_IRQHandler
                0x08001460                SDIO_IRQHandler
                0x08001460                EXTI3_IRQHandler
                0x08001460                EXTI0_IRQHandler
                0x08001460                I2C2_EV_IRQHandler
                0x08001460                ADC1_2_IRQHandler
                0x08001460                SPI1_IRQHandler
                0x08001460                TAMPER_IRQHandler
                0x08001460                TIM8_UP_IRQHandler
                0x08001460                DMA2_Channel2_IRQHandler
                0x08001460                DMA1_Channel4_IRQHandler
                0x08001460                USART3_IRQHandler
                0x08001460                RTC_IRQHandler
                0x08001460                DMA1_Channel7_IRQHandler
                0x08001460                CAN1_RX1_IRQHandler
                0x08001460                UART5_IRQHandler
                0x08001460                ADC3_IRQHandler
                0x08001460                TIM4_IRQHandler
                0x08001460                DMA2_Channel1_IRQHandler
                0x08001460                I2C1_EV_IRQHandler
                0x08001460                DMA1_Channel6_IRQHandler
                0x08001460                UART4_IRQHandler
                0x08001460                TIM3_IRQHandler
                0x08001460                RCC_IRQHandler
                0x08001460                TIM1_TRG_COM_IRQHandler
                0x08001460                DMA1_Channel1_IRQHandler
                0x08001460                Default_Handler
                0x08001460                EXTI15_10_IRQHandler
                0x08001460                TIM7_IRQHandler
                0x08001460                TIM5_IRQHandler
                0x08001460                EXTI9_5_IRQHandler
                0x08001460                SPI2_IRQHandler
                0x08001460                DMA1_Channel5_IRQHandler
                0x08001460                EXTI4_IRQHandler
                0x08001460                USB_LP_CAN1_RX0_IRQHandler
                0x08001460                USB_HP_CAN1_TX_IRQHandler
                0x08001460                DMA1_Channel3_IRQHandler
                0x08001460                FSMC_IRQHandler
                0x08001460                TIM1_UP_IRQHandler
                0x08001460                WWDG_IRQHandler
                0x08001460                TIM2_IRQHandler
                0x08001460                TIM1_BRK_IRQHandler
                0x08001460                EXTI1_IRQHandler
                0x08001460                DMA2_Channel4_5_IRQHandler
                0x08001460                USART2_IRQHandler
                0x08001460                I2C2_ER_IRQHandler
                0x08001460                DMA1_Channel2_IRQHandler
                0x08001460                TIM8_BRK_IRQHandler
                0x08001460                CAN1_SCE_IRQHandler
                0x08001460                FLASH_IRQHandler
                0x08001460                USART1_IRQHandler
                0x08001460                SPI3_IRQHandler
                0x08001460                I2C1_ER_IRQHandler
                0x08001460                USBWakeUp_IRQHandler
                0x08001460                DMA2_Channel3_IRQHandler
 *fill*         0x08001462        0x2 
 .text.__errno  0x08001464        0xc d:/truestudio/truestudio for stm32 9.3.0/armtools/bin/../lib/gcc/arm-atollic-eabi/6.3.1/../../../../arm-atollic-eabi/lib/armv7-m\libc_nano.a(lib_a-errno.o)
                0x08001464                __errno
 .text.__libc_init_array
                0x08001470       0x48 d:/truestudio/truestudio for stm32 9.3.0/armtools/bin/../lib/gcc/arm-atollic-eabi/6.3.1/../../../../arm-atollic-eabi/lib/armv7-m\libc_nano.a(lib_a-init.o)
                0x08001470                __libc_init_array
 .text.malloc   0x080014b8       0x10 d:/truestudio/truestudio for stm32 9.3.0/armtools/bin/../lib/gcc/arm-atollic-eabi/6.3.1/../../../../arm-atollic-eabi/lib/armv7-m\libc_nano.a(lib_a-malloc.o)
                0x080014b8                malloc
 .text.free     0x080014c8       0x10 d:/truestudio/truestudio for stm32 9.3.0/armtools/bin/../lib/gcc/arm-atollic-eabi/6.3.1/../../../../arm-atollic-eabi/lib/armv7-m\libc_nano.a(lib_a-malloc.o)
                0x080014c8                free
 .text.memcpy   0x080014d8       0x16 d:/truestudio/truestudio for stm32 9.3.0/armtools/bin/../lib/gcc/arm-atollic-eabi/6.3.1/../../../../arm-atollic-eabi/lib/armv7-m\libc_nano.a(lib_a-memcpy-stub.o)
                0x080014d8                memcpy
 .text.memset   0x080014ee       0x10 d:/truestudio/truestudio for stm32 9.3.0/armtools/bin/../lib/gcc/arm-atollic-eabi/6.3.1/../../../../arm-atollic-eabi/lib/armv7-m\libc_nano.a(lib_a-memset.o)
                0x080014ee                memset
 *fill*         0x080014fe        0x2 
 .text._free_r  0x08001500       0x98 d:/truestudio/truestudio for stm32 9.3.0/armtools/bin/../lib/gcc/arm-atollic-eabi/6.3.1/../../../../arm-atollic-eabi/lib/armv7-m\libc_nano.a(lib_a-nano-freer.o)
                0x08001500                _free_r
 .text._malloc_r
                0x08001598       0xbc d:/truestudio/truestudio for stm32 9.3.0/armtools/bin/../lib/gcc/arm-atollic-eabi/6.3.1/../../../../arm-atollic-eabi/lib/armv7-m\libc_nano.a(lib_a-nano-mallocr.o)
                0x08001598                _malloc_r
 .text._sbrk_r  0x08001654       0x20 d:/truestudio/truestudio for stm32 9.3.0/armtools/bin/../lib/gcc/arm-atollic-eabi/6.3.1/../../../../arm-atollic-eabi/lib/armv7-m\libc_nano.a(lib_a-sbrkr.o)
                0x08001654                _sbrk_r
 .text.strcpy   0x08001674       0x10 d:/truestudio/truestudio for stm32 9.3.0/armtools/bin/../lib/gcc/arm-atollic-eabi/6.3.1/../../../../arm-atollic-eabi/lib/armv7-m\libc_nano.a(lib_a-strcpy.o)
                0x08001674                strcpy
 .text.__malloc_lock
                0x08001684        0x2 d:/truestudio/truestudio for stm32 9.3.0/armtools/bin/../lib/gcc/arm-atollic-eabi/6.3.1/../../../../arm-atollic-eabi/lib/armv7-m\libc_nano.a(lib_a-mlock.o)
                0x08001684                __malloc_lock
 .text.__malloc_unlock
                0x08001686        0x2 d:/truestudio/truestudio for stm32 9.3.0/armtools/bin/../lib/gcc/arm-atollic-eabi/6.3.1/../../../../arm-atollic-eabi/lib/armv7-m\libc_nano.a(lib_a-mlock.o)
                0x08001686                __malloc_unlock
 *(.glue_7)
 .glue_7        0x08001688        0x0 linker stubs
 *(.glue_7t)
 .glue_7t       0x08001688        0x0 linker stubs
 *(.eh_frame)
 .eh_frame      0x08001688        0x0 d:/truestudio/truestudio for stm32 9.3.0/armtools/bin/../lib/gcc/arm-atollic-eabi/6.3.1/armv7-m/crtbegin.o
 *(.init)
 .init          0x08001688        0x4 d:/truestudio/truestudio for stm32 9.3.0/armtools/bin/../lib/gcc/arm-atollic-eabi/6.3.1/armv7-m/crti.o
                0x08001688                _init
 .init          0x0800168c        0x8 d:/truestudio/truestudio for stm32 9.3.0/armtools/bin/../lib/gcc/arm-atollic-eabi/6.3.1/armv7-m/crtn.o
 *(.fini)
 .fini          0x08001694        0x4 d:/truestudio/truestudio for stm32 9.3.0/armtools/bin/../lib/gcc/arm-atollic-eabi/6.3.1/armv7-m/crti.o
                0x08001694                _fini
 .fini          0x08001698        0x8 d:/truestudio/truestudio for stm32 9.3.0/armtools/bin/../lib/gcc/arm-atollic-eabi/6.3.1/armv7-m/crtn.o
                0x080016a0                . = ALIGN (0x4)
                0x080016a0                _etext = .

.vfp11_veneer   0x080016a0        0x0
 .vfp11_veneer  0x080016a0        0x0 linker stubs

.v4_bx          0x080016a0        0x0
 .v4_bx         0x080016a0        0x0 linker stubs

.iplt           0x080016a0        0x0
 .iplt          0x080016a0        0x0 d:/truestudio/truestudio for stm32 9.3.0/armtools/bin/../lib/gcc/arm-atollic-eabi/6.3.1/armv7-m/crtbegin.o

.rodata         0x080016a0       0x3c
                0x080016a0                . = ALIGN (0x4)
 *(.rodata)
 .rodata        0x080016a0       0x10 Drivers\STM32F1xx_HAL_Driver\Src\stm32f1xx_hal_rcc.o
 *(.rodata*)
 .rodata.task1.str1.1
                0x080016b0        0x9 Src\main.o
 .rodata.task2.str1.1
                0x080016b9        0x9 Src\main.o
 .rodata.AHBPrescTable
                0x080016c2       0x10 Src\system_stm32f1xx.o
                0x080016c2                AHBPrescTable
 .rodata.APBPrescTable
                0x080016d2        0x8 Src\system_stm32f1xx.o
                0x080016d2                APBPrescTable
                0x080016dc                . = ALIGN (0x4)
 *fill*         0x080016da        0x2 

.rel.dyn        0x080016dc        0x0
 .rel.iplt      0x080016dc        0x0 d:/truestudio/truestudio for stm32 9.3.0/armtools/bin/../lib/gcc/arm-atollic-eabi/6.3.1/armv7-m/crtbegin.o

.ARM.extab
 *(.ARM.extab* .gnu.linkonce.armextab.*)

.ARM            0x080016dc        0x0
                0x080016dc                __exidx_start = .
 *(.ARM.exidx*)
                0x080016dc                __exidx_end = .

.preinit_array  0x080016dc        0x0
                0x080016dc                PROVIDE (__preinit_array_start, .)
 *(.preinit_array*)
                0x080016dc                PROVIDE (__preinit_array_end, .)

.init_array     0x080016dc        0x4
                0x080016dc                PROVIDE (__init_array_start, .)
 *(SORT(.init_array.*))
 *(.init_array*)
 .init_array    0x080016dc        0x4 d:/truestudio/truestudio for stm32 9.3.0/armtools/bin/../lib/gcc/arm-atollic-eabi/6.3.1/armv7-m/crtbegin.o
                0x080016e0                PROVIDE (__init_array_end, .)

.fini_array     0x080016e0        0x4
                [!provide]                PROVIDE (__fini_array_start, .)
 *(SORT(.fini_array.*))
 *(.fini_array*)
 .fini_array    0x080016e0        0x4 d:/truestudio/truestudio for stm32 9.3.0/armtools/bin/../lib/gcc/arm-atollic-eabi/6.3.1/armv7-m/crtbegin.o
                [!provide]                PROVIDE (__fini_array_end, .)
                0x080016e4                _sidata = LOADADDR (.data)

.data           0x20000000       0x70 load address 0x080016e4
                0x20000000                . = ALIGN (0x4)
                0x20000000                _sdata = .
 *(.data)
 *(.data*)
 .data.uwTickFreq
                0x20000000        0x1 Drivers\STM32F1xx_HAL_Driver\Src\stm32f1xx_hal.o
                0x20000000                uwTickFreq
 *fill*         0x20000001        0x3 
 .data.uwTickPrio
                0x20000004        0x4 Drivers\STM32F1xx_HAL_Driver\Src\stm32f1xx_hal.o
                0x20000004                uwTickPrio
 .data.SystemCoreClock
                0x20000008        0x4 Src\system_stm32f1xx.o
                0x20000008                SystemCoreClock
 .data._impure_ptr
                0x2000000c        0x4 d:/truestudio/truestudio for stm32 9.3.0/armtools/bin/../lib/gcc/arm-atollic-eabi/6.3.1/../../../../arm-atollic-eabi/lib/armv7-m\libc_nano.a(lib_a-impure.o)
                0x2000000c                _impure_ptr
 .data.impure_data
                0x20000010       0x60 d:/truestudio/truestudio for stm32 9.3.0/armtools/bin/../lib/gcc/arm-atollic-eabi/6.3.1/../../../../arm-atollic-eabi/lib/armv7-m\libc_nano.a(lib_a-impure.o)
                0x20000070                . = ALIGN (0x4)
                0x20000070                _edata = .

.igot.plt       0x20000070        0x0 load address 0x08001754
 .igot.plt      0x20000070        0x0 d:/truestudio/truestudio for stm32 9.3.0/armtools/bin/../lib/gcc/arm-atollic-eabi/6.3.1/armv7-m/crtbegin.o
                0x20000070                . = ALIGN (0x4)

.bss            0x20000070       0x88 load address 0x08001754
                0x20000070                _sbss = .
                0x20000070                __bss_start__ = _sbss
 *(.bss)
 .bss           0x20000070       0x1c d:/truestudio/truestudio for stm32 9.3.0/armtools/bin/../lib/gcc/arm-atollic-eabi/6.3.1/armv7-m/crtbegin.o
 *(.bss*)
 .bss.heap_end.5887
                0x2000008c        0x4 Src\syscalls.o
 .bss.__malloc_free_list
                0x20000090        0x4 d:/truestudio/truestudio for stm32 9.3.0/armtools/bin/../lib/gcc/arm-atollic-eabi/6.3.1/../../../../arm-atollic-eabi/lib/armv7-m\libc_nano.a(lib_a-nano-mallocr.o)
                0x20000090                __malloc_free_list
 .bss.__malloc_sbrk_start
                0x20000094        0x4 d:/truestudio/truestudio for stm32 9.3.0/armtools/bin/../lib/gcc/arm-atollic-eabi/6.3.1/../../../../arm-atollic-eabi/lib/armv7-m\libc_nano.a(lib_a-nano-mallocr.o)
                0x20000094                __malloc_sbrk_start
 *(COMMON)
 COMMON         0x20000098        0x4 Drivers\STM32F1xx_HAL_Driver\Src\stm32f1xx_hal.o
                0x20000098                uwTick
 COMMON         0x2000009c        0x1 LitoOS\LitoOS.o
                0x2000009c                lt_schedule_status
 *fill*         0x2000009d        0x3 
 COMMON         0x200000a0       0x10 LitoOS\task.o
                0x200000a0                pid
                0x200000a4                ready_queue
                0x200000a8                tcb_running
                0x200000ac                tcb_item_running_task
 COMMON         0x200000b0        0x4 LitoOS\timer.o
                0x200000b0                timer_event_list
 COMMON         0x200000b4       0x40 Src\main.o
                0x200000b4                huart1
 COMMON         0x200000f4        0x4 d:/truestudio/truestudio for stm32 9.3.0/armtools/bin/../lib/gcc/arm-atollic-eabi/6.3.1/../../../../arm-atollic-eabi/lib/armv7-m\libc_nano.a(lib_a-reent.o)
                0x200000f4                errno
                0x200000f8                . = ALIGN (0x4)
                0x200000f8                _ebss = .
                0x200000f8                __bss_end__ = _ebss

._user_heap_stack
                0x200000f8      0x600 load address 0x08001754
                0x200000f8                . = ALIGN (0x4)
                0x200000f8                PROVIDE (end, .)
                [!provide]                PROVIDE (_end, .)
                0x200002f8                . = (. + _Min_Heap_Size)
 *fill*         0x200000f8      0x200 
                0x200006f8                . = (. + _Min_Stack_Size)
 *fill*         0x200002f8      0x400 
                0x200006f8                . = ALIGN (0x4)

/DISCARD/
 libc.a(*)
 libm.a(*)
 libgcc.a(*)

.ARM.attributes
                0x00000000       0x29
 *(.ARM.attributes)
 .ARM.attributes
                0x00000000       0x1d d:/truestudio/truestudio for stm32 9.3.0/armtools/bin/../lib/gcc/arm-atollic-eabi/6.3.1/armv7-m/crti.o
 .ARM.attributes
                0x0000001d       0x2d d:/truestudio/truestudio for stm32 9.3.0/armtools/bin/../lib/gcc/arm-atollic-eabi/6.3.1/armv7-m/crtbegin.o
 .ARM.attributes
                0x0000004a       0x33 Drivers\STM32F1xx_HAL_Driver\Src\stm32f1xx_hal.o
 .ARM.attributes
                0x0000007d       0x33 Drivers\STM32F1xx_HAL_Driver\Src\stm32f1xx_hal_cortex.o
 .ARM.attributes
                0x000000b0       0x33 Drivers\STM32F1xx_HAL_Driver\Src\stm32f1xx_hal_gpio.o
 .ARM.attributes
                0x000000e3       0x33 Drivers\STM32F1xx_HAL_Driver\Src\stm32f1xx_hal_rcc.o
 .ARM.attributes
                0x00000116       0x33 Drivers\STM32F1xx_HAL_Driver\Src\stm32f1xx_hal_uart.o
 .ARM.attributes
                0x00000149       0x33 LitoOS\LitoOS.o
 .ARM.attributes
                0x0000017c       0x33 LitoOS\list.o
 .ARM.attributes
                0x000001af       0x33 LitoOS\queue.o
 .ARM.attributes
                0x000001e2       0x33 LitoOS\schedule.o
 .ARM.attributes
                0x00000215       0x33 LitoOS\task.o
 .ARM.attributes
                0x00000248       0x33 LitoOS\timer.o
 .ARM.attributes
                0x0000027b       0x33 Src\main.o
 .ARM.attributes
                0x000002ae       0x33 Src\stm32.o
 .ARM.attributes
                0x000002e1       0x33 Src\stm32f1xx_hal_msp.o
 .ARM.attributes
                0x00000314       0x33 Src\stm32f1xx_it.o
 .ARM.attributes
                0x00000347       0x33 Src\syscalls.o
 .ARM.attributes
                0x0000037a       0x33 Src\system_stm32f1xx.o
 .ARM.attributes
                0x000003ad       0x21 startup\startup_stm32f103xe.o
 .ARM.attributes
                0x000003ce       0x2d d:/truestudio/truestudio for stm32 9.3.0/armtools/bin/../lib/gcc/arm-atollic-eabi/6.3.1/../../../../arm-atollic-eabi/lib/armv7-m\libc_nano.a(lib_a-errno.o)
 .ARM.attributes
                0x000003fb       0x2d d:/truestudio/truestudio for stm32 9.3.0/armtools/bin/../lib/gcc/arm-atollic-eabi/6.3.1/../../../../arm-atollic-eabi/lib/armv7-m\libc_nano.a(lib_a-impure.o)
 .ARM.attributes
                0x00000428       0x2d d:/truestudio/truestudio for stm32 9.3.0/armtools/bin/../lib/gcc/arm-atollic-eabi/6.3.1/../../../../arm-atollic-eabi/lib/armv7-m\libc_nano.a(lib_a-init.o)
 .ARM.attributes
                0x00000455       0x2d d:/truestudio/truestudio for stm32 9.3.0/armtools/bin/../lib/gcc/arm-atollic-eabi/6.3.1/../../../../arm-atollic-eabi/lib/armv7-m\libc_nano.a(lib_a-malloc.o)
 .ARM.attributes
                0x00000482       0x2d d:/truestudio/truestudio for stm32 9.3.0/armtools/bin/../lib/gcc/arm-atollic-eabi/6.3.1/../../../../arm-atollic-eabi/lib/armv7-m\libc_nano.a(lib_a-memcpy-stub.o)
 .ARM.attributes
                0x000004af       0x2d d:/truestudio/truestudio for stm32 9.3.0/armtools/bin/../lib/gcc/arm-atollic-eabi/6.3.1/../../../../arm-atollic-eabi/lib/armv7-m\libc_nano.a(lib_a-memset.o)
 .ARM.attributes
                0x000004dc       0x2d d:/truestudio/truestudio for stm32 9.3.0/armtools/bin/../lib/gcc/arm-atollic-eabi/6.3.1/../../../../arm-atollic-eabi/lib/armv7-m\libc_nano.a(lib_a-nano-freer.o)
 .ARM.attributes
                0x00000509       0x2d d:/truestudio/truestudio for stm32 9.3.0/armtools/bin/../lib/gcc/arm-atollic-eabi/6.3.1/../../../../arm-atollic-eabi/lib/armv7-m\libc_nano.a(lib_a-nano-mallocr.o)
 .ARM.attributes
                0x00000536       0x2d d:/truestudio/truestudio for stm32 9.3.0/armtools/bin/../lib/gcc/arm-atollic-eabi/6.3.1/../../../../arm-atollic-eabi/lib/armv7-m\libc_nano.a(lib_a-sbrkr.o)
 .ARM.attributes
                0x00000563       0x2d d:/truestudio/truestudio for stm32 9.3.0/armtools/bin/../lib/gcc/arm-atollic-eabi/6.3.1/../../../../arm-atollic-eabi/lib/armv7-m\libc_nano.a(lib_a-strcpy.o)
 .ARM.attributes
                0x00000590       0x17 d:/truestudio/truestudio for stm32 9.3.0/armtools/bin/../lib/gcc/arm-atollic-eabi/6.3.1/../../../../arm-atollic-eabi/lib/armv7-m\libc_nano.a(lib_a-strlen.o)
 .ARM.attributes
                0x000005a7       0x2d d:/truestudio/truestudio for stm32 9.3.0/armtools/bin/../lib/gcc/arm-atollic-eabi/6.3.1/../../../../arm-atollic-eabi/lib/armv7-m\libc_nano.a(lib_a-mlock.o)
 .ARM.attributes
                0x000005d4       0x2d d:/truestudio/truestudio for stm32 9.3.0/armtools/bin/../lib/gcc/arm-atollic-eabi/6.3.1/../../../../arm-atollic-eabi/lib/armv7-m\libc_nano.a(lib_a-reent.o)
 .ARM.attributes
                0x00000601       0x1d d:/truestudio/truestudio for stm32 9.3.0/armtools/bin/../lib/gcc/arm-atollic-eabi/6.3.1/armv7-m/crtn.o
OUTPUT(stm32f103vet6.elf elf32-littlearm)

.debug_info     0x00000000     0xd18c
 .debug_info    0x00000000      0x833 Drivers\STM32F1xx_HAL_Driver\Src\stm32f1xx_hal.o
 .debug_info    0x00000833      0xd0d Drivers\STM32F1xx_HAL_Driver\Src\stm32f1xx_hal_cortex.o
 .debug_info    0x00001540      0x68d Drivers\STM32F1xx_HAL_Driver\Src\stm32f1xx_hal_gpio.o
 .debug_info    0x00001bcd      0xa01 Drivers\STM32F1xx_HAL_Driver\Src\stm32f1xx_hal_rcc.o
 .debug_info    0x000025ce     0x1632 Drivers\STM32F1xx_HAL_Driver\Src\stm32f1xx_hal_uart.o
 .debug_info    0x00003c00      0xb79 LitoOS\LitoOS.o
 .debug_info    0x00004779      0xb13 LitoOS\list.o
 .debug_info    0x0000528c      0xf13 LitoOS\queue.o
 .debug_info    0x0000619f      0x3fa LitoOS\schedule.o
 .debug_info    0x00006599      0xee1 LitoOS\task.o
 .debug_info    0x0000747a      0xd16 LitoOS\timer.o
 .debug_info    0x00008190     0x1041 Src\main.o
 .debug_info    0x000091d1     0x1073 Src\stm32.o
 .debug_info    0x0000a244      0xbcc Src\stm32f1xx_hal_msp.o
 .debug_info    0x0000ae10      0xed4 Src\stm32f1xx_it.o
 .debug_info    0x0000bce4      0xfe1 Src\syscalls.o
 .debug_info    0x0000ccc5      0x437 Src\system_stm32f1xx.o
 .debug_info    0x0000d0fc       0x90 startup\startup_stm32f103xe.o

.debug_abbrev   0x00000000     0x2798
 .debug_abbrev  0x00000000      0x24a Drivers\STM32F1xx_HAL_Driver\Src\stm32f1xx_hal.o
 .debug_abbrev  0x0000024a      0x2f8 Drivers\STM32F1xx_HAL_Driver\Src\stm32f1xx_hal_cortex.o
 .debug_abbrev  0x00000542      0x1f1 Drivers\STM32F1xx_HAL_Driver\Src\stm32f1xx_hal_gpio.o
 .debug_abbrev  0x00000733      0x2c1 Drivers\STM32F1xx_HAL_Driver\Src\stm32f1xx_hal_rcc.o
 .debug_abbrev  0x000009f4      0x2f3 Drivers\STM32F1xx_HAL_Driver\Src\stm32f1xx_hal_uart.o
 .debug_abbrev  0x00000ce7      0x207 LitoOS\LitoOS.o
 .debug_abbrev  0x00000eee      0x251 LitoOS\list.o
 .debug_abbrev  0x0000113f      0x27d LitoOS\queue.o
 .debug_abbrev  0x000013bc      0x139 LitoOS\schedule.o
 .debug_abbrev  0x000014f5      0x2ea LitoOS\task.o
 .debug_abbrev  0x000017df      0x245 LitoOS\timer.o
 .debug_abbrev  0x00001a24      0x26b Src\main.o
 .debug_abbrev  0x00001c8f      0x2d4 Src\stm32.o
 .debug_abbrev  0x00001f63      0x1c6 Src\stm32f1xx_hal_msp.o
 .debug_abbrev  0x00002129      0x255 Src\stm32f1xx_it.o
 .debug_abbrev  0x0000237e      0x2d9 Src\syscalls.o
 .debug_abbrev  0x00002657      0x12f Src\system_stm32f1xx.o
 .debug_abbrev  0x00002786       0x12 startup\startup_stm32f103xe.o

.debug_loc      0x00000000     0x32ee
 .debug_loc     0x00000000      0x10c Drivers\STM32F1xx_HAL_Driver\Src\stm32f1xx_hal.o
 .debug_loc     0x0000010c      0x487 Drivers\STM32F1xx_HAL_Driver\Src\stm32f1xx_hal_cortex.o
 .debug_loc     0x00000593      0x2e2 Drivers\STM32F1xx_HAL_Driver\Src\stm32f1xx_hal_gpio.o
 .debug_loc     0x00000875      0x478 Drivers\STM32F1xx_HAL_Driver\Src\stm32f1xx_hal_rcc.o
 .debug_loc     0x00000ced     0x1362 Drivers\STM32F1xx_HAL_Driver\Src\stm32f1xx_hal_uart.o
 .debug_loc     0x0000204f      0x272 LitoOS\list.o
 .debug_loc     0x000022c1      0x4a0 LitoOS\queue.o
 .debug_loc     0x00002761       0x86 LitoOS\schedule.o
 .debug_loc     0x000027e7      0x123 LitoOS\task.o
 .debug_loc     0x0000290a      0x29e LitoOS\timer.o
 .debug_loc     0x00002ba8       0x21 Src\main.o
 .debug_loc     0x00002bc9       0xf0 Src\stm32.o
 .debug_loc     0x00002cb9       0x84 Src\stm32f1xx_hal_msp.o
 .debug_loc     0x00002d3d       0xf5 Src\stm32f1xx_it.o
 .debug_loc     0x00002e32      0x3ef Src\syscalls.o
 .debug_loc     0x00003221       0xcd Src\system_stm32f1xx.o

.debug_aranges  0x00000000      0x720
 .debug_aranges
                0x00000000       0xd8 Drivers\STM32F1xx_HAL_Driver\Src\stm32f1xx_hal.o
 .debug_aranges
                0x000000d8       0x90 Drivers\STM32F1xx_HAL_Driver\Src\stm32f1xx_hal_cortex.o
 .debug_aranges
                0x00000168       0x58 Drivers\STM32F1xx_HAL_Driver\Src\stm32f1xx_hal_gpio.o
 .debug_aranges
                0x000001c0       0x88 Drivers\STM32F1xx_HAL_Driver\Src\stm32f1xx_hal_rcc.o
 .debug_aranges
                0x00000248      0x170 Drivers\STM32F1xx_HAL_Driver\Src\stm32f1xx_hal_uart.o
 .debug_aranges
                0x000003b8       0x28 LitoOS\LitoOS.o
 .debug_aranges
                0x000003e0       0x38 LitoOS\list.o
 .debug_aranges
                0x00000418       0x38 LitoOS\queue.o
 .debug_aranges
                0x00000450       0x20 LitoOS\schedule.o
 .debug_aranges
                0x00000470       0x50 LitoOS\task.o
 .debug_aranges
                0x000004c0       0x30 LitoOS\timer.o
 .debug_aranges
                0x000004f0       0x30 Src\main.o
 .debug_aranges
                0x00000520       0x70 Src\stm32.o
 .debug_aranges
                0x00000590       0x38 Src\stm32f1xx_hal_msp.o
 .debug_aranges
                0x000005c8       0x58 Src\stm32f1xx_it.o
 .debug_aranges
                0x00000620       0xb0 Src\syscalls.o
 .debug_aranges
                0x000006d0       0x28 Src\system_stm32f1xx.o
 .debug_aranges
                0x000006f8       0x28 startup\startup_stm32f103xe.o

.debug_ranges   0x00000000      0x7f8
 .debug_ranges  0x00000000       0xc8 Drivers\STM32F1xx_HAL_Driver\Src\stm32f1xx_hal.o
 .debug_ranges  0x000000c8      0x128 Drivers\STM32F1xx_HAL_Driver\Src\stm32f1xx_hal_cortex.o
 .debug_ranges  0x000001f0       0x68 Drivers\STM32F1xx_HAL_Driver\Src\stm32f1xx_hal_gpio.o
 .debug_ranges  0x00000258       0xa0 Drivers\STM32F1xx_HAL_Driver\Src\stm32f1xx_hal_rcc.o
 .debug_ranges  0x000002f8      0x190 Drivers\STM32F1xx_HAL_Driver\Src\stm32f1xx_hal_uart.o
 .debug_ranges  0x00000488       0x18 LitoOS\LitoOS.o
 .debug_ranges  0x000004a0       0x28 LitoOS\list.o
 .debug_ranges  0x000004c8       0x28 LitoOS\queue.o
 .debug_ranges  0x000004f0       0x10 LitoOS\schedule.o
 .debug_ranges  0x00000500       0x40 LitoOS\task.o
 .debug_ranges  0x00000540       0x20 LitoOS\timer.o
 .debug_ranges  0x00000560       0x20 Src\main.o
 .debug_ranges  0x00000580       0xa8 Src\stm32.o
 .debug_ranges  0x00000628       0xb0 Src\stm32f1xx_hal_msp.o
 .debug_ranges  0x000006d8       0x48 Src\stm32f1xx_it.o
 .debug_ranges  0x00000720       0xa0 Src\syscalls.o
 .debug_ranges  0x000007c0       0x18 Src\system_stm32f1xx.o
 .debug_ranges  0x000007d8       0x20 startup\startup_stm32f103xe.o

.debug_line     0x00000000     0x42c0
 .debug_line    0x00000000      0x3c9 Drivers\STM32F1xx_HAL_Driver\Src\stm32f1xx_hal.o
 .debug_line    0x000003c9      0x3c4 Drivers\STM32F1xx_HAL_Driver\Src\stm32f1xx_hal_cortex.o
 .debug_line    0x0000078d      0x3a2 Drivers\STM32F1xx_HAL_Driver\Src\stm32f1xx_hal_gpio.o
 .debug_line    0x00000b2f      0x560 Drivers\STM32F1xx_HAL_Driver\Src\stm32f1xx_hal_rcc.o
 .debug_line    0x0000108f      0xbb8 Drivers\STM32F1xx_HAL_Driver\Src\stm32f1xx_hal_uart.o
 .debug_line    0x00001c47      0x2c2 LitoOS\LitoOS.o
 .debug_line    0x00001f09      0x2b9 LitoOS\list.o
 .debug_line    0x000021c2      0x3cb LitoOS\queue.o
 .debug_line    0x0000258d      0x292 LitoOS\schedule.o
 .debug_line    0x0000281f      0x369 LitoOS\task.o
 .debug_line    0x00002b88      0x35a LitoOS\timer.o
 .debug_line    0x00002ee2      0x384 Src\main.o
 .debug_line    0x00003266      0x414 Src\stm32.o
 .debug_line    0x0000367a      0x2a6 Src\stm32f1xx_hal_msp.o
 .debug_line    0x00003920      0x3a1 Src\stm32f1xx_it.o
 .debug_line    0x00003cc1      0x37c Src\syscalls.o
 .debug_line    0x0000403d      0x206 Src\system_stm32f1xx.o
 .debug_line    0x00004243       0x7d startup\startup_stm32f103xe.o

.debug_str      0x00000000     0x2bdb
 .debug_str     0x00000000      0x8fc Drivers\STM32F1xx_HAL_Driver\Src\stm32f1xx_hal.o
                                0x965 (size before relaxing)
 .debug_str     0x000008fc      0x3c5 Drivers\STM32F1xx_HAL_Driver\Src\stm32f1xx_hal_cortex.o
                                0xa87 (size before relaxing)
 .debug_str     0x00000cc1      0x1c4 Drivers\STM32F1xx_HAL_Driver\Src\stm32f1xx_hal_gpio.o
                                0x4f4 (size before relaxing)
 .debug_str     0x00000e85      0x331 Drivers\STM32F1xx_HAL_Driver\Src\stm32f1xx_hal_rcc.o
                                0x6dd (size before relaxing)
 .debug_str     0x000011b6      0x8db Drivers\STM32F1xx_HAL_Driver\Src\stm32f1xx_hal_uart.o
                                0xc6d (size before relaxing)
 .debug_str     0x00001a91      0x549 LitoOS\LitoOS.o
                                0x83c (size before relaxing)
 .debug_str     0x00001fda      0x118 LitoOS\list.o
                                0x721 (size before relaxing)
 .debug_str     0x000020f2      0x1d8 LitoOS\queue.o
                                0x9e3 (size before relaxing)
 .debug_str     0x000022ca       0x57 LitoOS\schedule.o
                                0x3f9 (size before relaxing)
 .debug_str     0x00002321       0x7d LitoOS\task.o
                                0x981 (size before relaxing)
 .debug_str     0x0000239e      0x150 LitoOS\timer.o
                                0x9a8 (size before relaxing)
 .debug_str     0x000024ee       0x51 Src\main.o
                                0xb23 (size before relaxing)
 .debug_str     0x0000253f      0x2fc Src\stm32.o
                                0xd52 (size before relaxing)
 .debug_str     0x0000283b       0x30 Src\stm32f1xx_hal_msp.o
                                0x9d5 (size before relaxing)
 .debug_str     0x0000286b       0xd7 Src\stm32f1xx_it.o
                                0xb50 (size before relaxing)
 .debug_str     0x00002942      0x24c Src\syscalls.o
                                0x86f (size before relaxing)
 .debug_str     0x00002b8e       0x4d Src\system_stm32f1xx.o
                                0x363 (size before relaxing)

.comment        0x00000000       0x7c
 .comment       0x00000000       0x7c Drivers\STM32F1xx_HAL_Driver\Src\stm32f1xx_hal.o
                                 0x7d (size before relaxing)
 .comment       0x0000007c       0x7d Drivers\STM32F1xx_HAL_Driver\Src\stm32f1xx_hal_cortex.o
 .comment       0x0000007c       0x7d Drivers\STM32F1xx_HAL_Driver\Src\stm32f1xx_hal_gpio.o
 .comment       0x0000007c       0x7d Drivers\STM32F1xx_HAL_Driver\Src\stm32f1xx_hal_rcc.o
 .comment       0x0000007c       0x7d Drivers\STM32F1xx_HAL_Driver\Src\stm32f1xx_hal_uart.o
 .comment       0x0000007c       0x7d LitoOS\LitoOS.o
 .comment       0x0000007c       0x7d LitoOS\list.o
 .comment       0x0000007c       0x7d LitoOS\queue.o
 .comment       0x0000007c       0x7d LitoOS\schedule.o
 .comment       0x0000007c       0x7d LitoOS\task.o
 .comment       0x0000007c       0x7d LitoOS\timer.o
 .comment       0x0000007c       0x7d Src\main.o
 .comment       0x0000007c       0x7d Src\stm32.o
 .comment       0x0000007c       0x7d Src\stm32f1xx_hal_msp.o
 .comment       0x0000007c       0x7d Src\stm32f1xx_it.o
 .comment       0x0000007c       0x7d Src\syscalls.o
 .comment       0x0000007c       0x7d Src\system_stm32f1xx.o

.debug_frame    0x00000000     0x1268
 .debug_frame   0x00000000      0x1d4 Drivers\STM32F1xx_HAL_Driver\Src\stm32f1xx_hal.o
 .debug_frame   0x000001d4      0x120 Drivers\STM32F1xx_HAL_Driver\Src\stm32f1xx_hal_cortex.o
 .debug_frame   0x000002f4       0xd4 Drivers\STM32F1xx_HAL_Driver\Src\stm32f1xx_hal_gpio.o
 .debug_frame   0x000003c8      0x150 Drivers\STM32F1xx_HAL_Driver\Src\stm32f1xx_hal_rcc.o
 .debug_frame   0x00000518      0x498 Drivers\STM32F1xx_HAL_Driver\Src\stm32f1xx_hal_uart.o
 .debug_frame   0x000009b0       0x44 LitoOS\LitoOS.o
 .debug_frame   0x000009f4       0x6c LitoOS\list.o
 .debug_frame   0x00000a60       0x98 LitoOS\queue.o
 .debug_frame   0x00000af8       0x20 LitoOS\schedule.o
 .debug_frame   0x00000b18       0x98 LitoOS\task.o
 .debug_frame   0x00000bb0       0x64 LitoOS\timer.o
 .debug_frame   0x00000c14       0x58 Src\main.o
 .debug_frame   0x00000c6c       0xf4 Src\stm32.o
 .debug_frame   0x00000d60       0x78 Src\stm32f1xx_hal_msp.o
 .debug_frame   0x00000dd8       0xb8 Src\stm32f1xx_it.o
 .debug_frame   0x00000e90      0x1a8 Src\syscalls.o
 .debug_frame   0x00001038       0x30 Src\system_stm32f1xx.o
 .debug_frame   0x00001068       0x20 d:/truestudio/truestudio for stm32 9.3.0/armtools/bin/../lib/gcc/arm-atollic-eabi/6.3.1/../../../../arm-atollic-eabi/lib/armv7-m\libc_nano.a(lib_a-errno.o)
 .debug_frame   0x00001088       0x2c d:/truestudio/truestudio for stm32 9.3.0/armtools/bin/../lib/gcc/arm-atollic-eabi/6.3.1/../../../../arm-atollic-eabi/lib/armv7-m\libc_nano.a(lib_a-init.o)
 .debug_frame   0x000010b4       0x30 d:/truestudio/truestudio for stm32 9.3.0/armtools/bin/../lib/gcc/arm-atollic-eabi/6.3.1/../../../../arm-atollic-eabi/lib/armv7-m\libc_nano.a(lib_a-malloc.o)
 .debug_frame   0x000010e4       0x28 d:/truestudio/truestudio for stm32 9.3.0/armtools/bin/../lib/gcc/arm-atollic-eabi/6.3.1/../../../../arm-atollic-eabi/lib/armv7-m\libc_nano.a(lib_a-memcpy-stub.o)
 .debug_frame   0x0000110c       0x20 d:/truestudio/truestudio for stm32 9.3.0/armtools/bin/../lib/gcc/arm-atollic-eabi/6.3.1/../../../../arm-atollic-eabi/lib/armv7-m\libc_nano.a(lib_a-memset.o)
 .debug_frame   0x0000112c       0x38 d:/truestudio/truestudio for stm32 9.3.0/armtools/bin/../lib/gcc/arm-atollic-eabi/6.3.1/../../../../arm-atollic-eabi/lib/armv7-m\libc_nano.a(lib_a-nano-freer.o)
 .debug_frame   0x00001164       0x2c d:/truestudio/truestudio for stm32 9.3.0/armtools/bin/../lib/gcc/arm-atollic-eabi/6.3.1/../../../../arm-atollic-eabi/lib/armv7-m\libc_nano.a(lib_a-nano-mallocr.o)
 .debug_frame   0x00001190       0x2c d:/truestudio/truestudio for stm32 9.3.0/armtools/bin/../lib/gcc/arm-atollic-eabi/6.3.1/../../../../arm-atollic-eabi/lib/armv7-m\libc_nano.a(lib_a-sbrkr.o)
 .debug_frame   0x000011bc       0x20 d:/truestudio/truestudio for stm32 9.3.0/armtools/bin/../lib/gcc/arm-atollic-eabi/6.3.1/../../../../arm-atollic-eabi/lib/armv7-m\libc_nano.a(lib_a-strcpy.o)
 .debug_frame   0x000011dc       0x30 d:/truestudio/truestudio for stm32 9.3.0/armtools/bin/../lib/gcc/arm-atollic-eabi/6.3.1/../../../../arm-atollic-eabi/lib/armv7-m\libc_nano.a(lib_a-mlock.o)
 .debug_frame   0x0000120c       0x5c d:/truestudio/truestudio for stm32 9.3.0/armtools/bin/../lib/gcc/arm-atollic-eabi/6.3.1/../../../../arm-atollic-eabi/lib/armv7-m\libc_nano.a(lib_a-reent.o)
