Archive member included to satisfy reference by file (symbol)

f:/program files/truestudio/truestudio for stm32 9.3.0/armtools/bin/../lib/gcc/arm-atollic-eabi/6.3.1/../../../../arm-atollic-eabi/lib/armv7-m\libc_nano.a(lib_a-errno.o)
                              Src\syscalls.o (__errno)
f:/program files/truestudio/truestudio for stm32 9.3.0/armtools/bin/../lib/gcc/arm-atollic-eabi/6.3.1/../../../../arm-atollic-eabi/lib/armv7-m\libc_nano.a(lib_a-impure.o)
                              f:/program files/truestudio/truestudio for stm32 9.3.0/armtools/bin/../lib/gcc/arm-atollic-eabi/6.3.1/../../../../arm-atollic-eabi/lib/armv7-m\libc_nano.a(lib_a-errno.o) (_impure_ptr)
f:/program files/truestudio/truestudio for stm32 9.3.0/armtools/bin/../lib/gcc/arm-atollic-eabi/6.3.1/../../../../arm-atollic-eabi/lib/armv7-m\libc_nano.a(lib_a-init.o)
                              startup\startup_stm32f103xb.o (__libc_init_array)
f:/program files/truestudio/truestudio for stm32 9.3.0/armtools/bin/../lib/gcc/arm-atollic-eabi/6.3.1/../../../../arm-atollic-eabi/lib/armv7-m\libc_nano.a(lib_a-malloc.o)
                              LitoOS\list.o (malloc)
f:/program files/truestudio/truestudio for stm32 9.3.0/armtools/bin/../lib/gcc/arm-atollic-eabi/6.3.1/../../../../arm-atollic-eabi/lib/armv7-m\libc_nano.a(lib_a-memcpy-stub.o)
                              LitoOS\queue.o (memcpy)
f:/program files/truestudio/truestudio for stm32 9.3.0/armtools/bin/../lib/gcc/arm-atollic-eabi/6.3.1/../../../../arm-atollic-eabi/lib/armv7-m\libc_nano.a(lib_a-memset.o)
                              Drivers\STM32F1xx_HAL_Driver\Src\stm32f1xx_hal_rcc.o (memset)
f:/program files/truestudio/truestudio for stm32 9.3.0/armtools/bin/../lib/gcc/arm-atollic-eabi/6.3.1/../../../../arm-atollic-eabi/lib/armv7-m\libc_nano.a(lib_a-nano-freer.o)
                              f:/program files/truestudio/truestudio for stm32 9.3.0/armtools/bin/../lib/gcc/arm-atollic-eabi/6.3.1/../../../../arm-atollic-eabi/lib/armv7-m\libc_nano.a(lib_a-malloc.o) (_free_r)
f:/program files/truestudio/truestudio for stm32 9.3.0/armtools/bin/../lib/gcc/arm-atollic-eabi/6.3.1/../../../../arm-atollic-eabi/lib/armv7-m\libc_nano.a(lib_a-nano-mallocr.o)
                              f:/program files/truestudio/truestudio for stm32 9.3.0/armtools/bin/../lib/gcc/arm-atollic-eabi/6.3.1/../../../../arm-atollic-eabi/lib/armv7-m\libc_nano.a(lib_a-malloc.o) (_malloc_r)
f:/program files/truestudio/truestudio for stm32 9.3.0/armtools/bin/../lib/gcc/arm-atollic-eabi/6.3.1/../../../../arm-atollic-eabi/lib/armv7-m\libc_nano.a(lib_a-sbrkr.o)
                              f:/program files/truestudio/truestudio for stm32 9.3.0/armtools/bin/../lib/gcc/arm-atollic-eabi/6.3.1/../../../../arm-atollic-eabi/lib/armv7-m\libc_nano.a(lib_a-nano-mallocr.o) (_sbrk_r)
f:/program files/truestudio/truestudio for stm32 9.3.0/armtools/bin/../lib/gcc/arm-atollic-eabi/6.3.1/../../../../arm-atollic-eabi/lib/armv7-m\libc_nano.a(lib_a-mlock.o)
                              f:/program files/truestudio/truestudio for stm32 9.3.0/armtools/bin/../lib/gcc/arm-atollic-eabi/6.3.1/../../../../arm-atollic-eabi/lib/armv7-m\libc_nano.a(lib_a-nano-freer.o) (__malloc_lock)
f:/program files/truestudio/truestudio for stm32 9.3.0/armtools/bin/../lib/gcc/arm-atollic-eabi/6.3.1/../../../../arm-atollic-eabi/lib/armv7-m\libc_nano.a(lib_a-reent.o)
                              f:/program files/truestudio/truestudio for stm32 9.3.0/armtools/bin/../lib/gcc/arm-atollic-eabi/6.3.1/../../../../arm-atollic-eabi/lib/armv7-m\libc_nano.a(lib_a-sbrkr.o) (errno)
f:/program files/truestudio/truestudio for stm32 9.3.0/armtools/bin/../lib/gcc/arm-atollic-eabi/6.3.1/armv7-m\libgcc.a(_lshrdi3.o)
                              Drivers\STM32F1xx_HAL_Driver\Src\stm32f1xx_hal_flash.o (__aeabi_llsr)

Allocating common symbols
Common symbol       size              file

pid                 0x4               LitoOS\task.o
lock                0x1               Src\main.o
errno               0x4               f:/program files/truestudio/truestudio for stm32 9.3.0/armtools/bin/../lib/gcc/arm-atollic-eabi/6.3.1/../../../../arm-atollic-eabi/lib/armv7-m\libc_nano.a(lib_a-reent.o)
hi2c1               0x54              Src\stm32.o
tcb_save            0x4               LitoOS\task.o
tcb_load            0x4               LitoOS\task.o
uwTick              0x4               Drivers\STM32F1xx_HAL_Driver\Src\stm32f1xx_hal.o
pFlash              0x20              Drivers\STM32F1xx_HAL_Driver\Src\stm32f1xx_hal_flash.o
ready_queue         0x4               LitoOS\task.o
huart1              0x40              Src\stm32.o
lt_schedule_status  0x1               LitoOS\LitoOS.o
timer_event_list    0x4               LitoOS\timer.o
tcb_item_running_task
                    0x4               LitoOS\task.o

Discarded input sections

 .text          0x00000000        0x0 f:/program files/truestudio/truestudio for stm32 9.3.0/armtools/bin/../lib/gcc/arm-atollic-eabi/6.3.1/armv7-m/crti.o
[...]
Memory Configuration

Name             Origin             Length             Attributes
RAM              0x20000000         0x00005000         xrw
FLASH            0x08000000         0x00020000         xr
*default*        0x00000000         0xffffffff

Linker script and memory map

LOAD f:/program files/truestudio/truestudio for stm32 9.3.0/armtools/bin/../lib/gcc/arm-atollic-eabi/6.3.1/armv7-m/crti.o
LOAD f:/program files/truestudio/truestudio for stm32 9.3.0/armtools/bin/../lib/gcc/arm-atollic-eabi/6.3.1/armv7-m/crtbegin.o
LOAD Drivers\STM32F1xx_HAL_Driver\Src\stm32f1xx_hal.o
LOAD Drivers\STM32F1xx_HAL_Driver\Src\stm32f1xx_hal_cortex.o
LOAD Drivers\STM32F1xx_HAL_Driver\Src\stm32f1xx_hal_dma.o
LOAD Drivers\STM32F1xx_HAL_Driver\Src\stm32f1xx_hal_exti.o
LOAD Drivers\STM32F1xx_HAL_Driver\Src\stm32f1xx_hal_flash.o
LOAD Drivers\STM32F1xx_HAL_Driver\Src\stm32f1xx_hal_flash_ex.o
LOAD Drivers\STM32F1xx_HAL_Driver\Src\stm32f1xx_hal_gpio.o
LOAD Drivers\STM32F1xx_HAL_Driver\Src\stm32f1xx_hal_gpio_ex.o
LOAD Drivers\STM32F1xx_HAL_Driver\Src\stm32f1xx_hal_i2c.o
LOAD Drivers\STM32F1xx_HAL_Driver\Src\stm32f1xx_hal_pwr.o
LOAD Drivers\STM32F1xx_HAL_Driver\Src\stm32f1xx_hal_rcc.o
LOAD Drivers\STM32F1xx_HAL_Driver\Src\stm32f1xx_hal_rcc_ex.o
LOAD Drivers\STM32F1xx_HAL_Driver\Src\stm32f1xx_hal_tim.o
LOAD Drivers\STM32F1xx_HAL_Driver\Src\stm32f1xx_hal_tim_ex.o
LOAD Drivers\STM32F1xx_HAL_Driver\Src\stm32f1xx_hal_uart.o
LOAD LitoOS\LitoOS.o
LOAD LitoOS\list.o
LOAD LitoOS\queue.o
LOAD LitoOS\semaphore_mutex.o
LOAD LitoOS\task.o
LOAD LitoOS\timer.o
LOAD Src\main.o
LOAD Src\stm32.o
LOAD Src\stm32f1xx_hal_msp.o
LOAD Src\stm32f1xx_it.o
LOAD Src\syscalls.o
LOAD Src\system_stm32f1xx.o
LOAD startup\startup_stm32f103xb.o
                0x00000080                malloc_getpagesize_P = 0x80
START GROUP
LOAD f:/program files/truestudio/truestudio for stm32 9.3.0/armtools/bin/../lib/gcc/arm-atollic-eabi/6.3.1/../../../../arm-atollic-eabi/lib/armv7-m\libc_nano.a
LOAD f:/program files/truestudio/truestudio for stm32 9.3.0/armtools/bin/../lib/gcc/arm-atollic-eabi/6.3.1/../../../../arm-atollic-eabi/lib/armv7-m\libm.a
END GROUP
START GROUP
LOAD f:/program files/truestudio/truestudio for stm32 9.3.0/armtools/bin/../lib/gcc/arm-atollic-eabi/6.3.1/armv7-m\libgcc.a
LOAD f:/program files/truestudio/truestudio for stm32 9.3.0/armtools/bin/../lib/gcc/arm-atollic-eabi/6.3.1/../../../../arm-atollic-eabi/lib/armv7-m\libc_nano.a
END GROUP
START GROUP
LOAD f:/program files/truestudio/truestudio for stm32 9.3.0/armtools/bin/../lib/gcc/arm-atollic-eabi/6.3.1/armv7-m\libgcc.a
LOAD f:/program files/truestudio/truestudio for stm32 9.3.0/armtools/bin/../lib/gcc/arm-atollic-eabi/6.3.1/../../../../arm-atollic-eabi/lib/armv7-m\libc_nano.a
LOAD f:/program files/truestudio/truestudio for stm32 9.3.0/armtools/bin/../lib/gcc/arm-atollic-eabi/6.3.1/../../../../arm-atollic-eabi/lib/armv7-m\libnosys.a
END GROUP
START GROUP
LOAD f:/program files/truestudio/truestudio for stm32 9.3.0/armtools/bin/../lib/gcc/arm-atollic-eabi/6.3.1/armv7-m\libgcc.a
LOAD f:/program files/truestudio/truestudio for stm32 9.3.0/armtools/bin/../lib/gcc/arm-atollic-eabi/6.3.1/../../../../arm-atollic-eabi/lib/armv7-m\libc_nano.a
LOAD f:/program files/truestudio/truestudio for stm32 9.3.0/armtools/bin/../lib/gcc/arm-atollic-eabi/6.3.1/../../../../arm-atollic-eabi/lib/armv7-m\libnosys.a
END GROUP
LOAD f:/program files/truestudio/truestudio for stm32 9.3.0/armtools/bin/../lib/gcc/arm-atollic-eabi/6.3.1/armv7-m/crtend.o
LOAD f:/program files/truestudio/truestudio for stm32 9.3.0/armtools/bin/../lib/gcc/arm-atollic-eabi/6.3.1/armv7-m/crtn.o
                0x20005000                _estack = 0x20005000
                0x00000200                _Min_Heap_Size = 0x200
                0x00000400                _Min_Stack_Size = 0x400

.isr_vector     0x08000000      0x10c
                0x08000000                . = ALIGN (0x4)
 *(.isr_vector)
 .isr_vector    0x08000000      0x10c startup\startup_stm32f103xb.o
                0x08000000                g_pfnVectors
                0x0800010c                . = ALIGN (0x4)

.text           0x0800010c     0x1438
                0x0800010c                . = ALIGN (0x4)
 *(.text)
 .text          0x0800010c       0x40 f:/program files/truestudio/truestudio for stm32 9.3.0/armtools/bin/../lib/gcc/arm-atollic-eabi/6.3.1/armv7-m/crtbegin.o
 *(.text*)
 .text.HAL_InitTick
                0x0800014c       0x48 Drivers\STM32F1xx_HAL_Driver\Src\stm32f1xx_hal.o
                0x0800014c                HAL_InitTick
 .text.HAL_Init
                0x08000194       0x24 Drivers\STM32F1xx_HAL_Driver\Src\stm32f1xx_hal.o
                0x08000194                HAL_Init
 .text.HAL_IncTick
                0x080001b8       0x18 Drivers\STM32F1xx_HAL_Driver\Src\stm32f1xx_hal.o
                0x080001b8                HAL_IncTick
 .text.HAL_GetTick
                0x080001d0        0xc Drivers\STM32F1xx_HAL_Driver\Src\stm32f1xx_hal.o
                0x080001d0                HAL_GetTick
 .text.HAL_Delay
                0x080001dc       0x24 Drivers\STM32F1xx_HAL_Driver\Src\stm32f1xx_hal.o
                0x080001dc                HAL_Delay
 .text.HAL_NVIC_SetPriorityGrouping
                0x08000200       0x24 Drivers\STM32F1xx_HAL_Driver\Src\stm32f1xx_hal_cortex.o
                0x08000200                HAL_NVIC_SetPriorityGrouping
 .text.HAL_NVIC_SetPriority
                0x08000224       0x68 Drivers\STM32F1xx_HAL_Driver\Src\stm32f1xx_hal_cortex.o
                0x08000224                HAL_NVIC_SetPriority
 .text.HAL_SYSTICK_Config
                0x0800028c       0x2c Drivers\STM32F1xx_HAL_Driver\Src\stm32f1xx_hal_cortex.o
                0x0800028c                HAL_SYSTICK_Config
 .text.HAL_GPIO_Init
                0x080002b8      0x1c4 Drivers\STM32F1xx_HAL_Driver\Src\stm32f1xx_hal_gpio.o
                0x080002b8                HAL_GPIO_Init
 .text.HAL_GPIO_WritePin
                0x0800047c        0xa Drivers\STM32F1xx_HAL_Driver\Src\stm32f1xx_hal_gpio.o
                0x0800047c                HAL_GPIO_WritePin
 *fill*         0x08000486        0x2 
 .text.HAL_RCC_OscConfig
                0x08000488      0x33c Drivers\STM32F1xx_HAL_Driver\Src\stm32f1xx_hal_rcc.o
                0x08000488                HAL_RCC_OscConfig
 .text.HAL_RCC_GetSysClockFreq
                0x080007c4       0x78 Drivers\STM32F1xx_HAL_Driver\Src\stm32f1xx_hal_rcc.o
                0x080007c4                HAL_RCC_GetSysClockFreq
 .text.HAL_RCC_ClockConfig
                0x0800083c      0x13c Drivers\STM32F1xx_HAL_Driver\Src\stm32f1xx_hal_rcc.o
                0x0800083c                HAL_RCC_ClockConfig
 .text.HAL_RCC_GetPCLK1Freq
                0x08000978       0x20 Drivers\STM32F1xx_HAL_Driver\Src\stm32f1xx_hal_rcc.o
                0x08000978                HAL_RCC_GetPCLK1Freq
 .text.HAL_RCC_GetPCLK2Freq
                0x08000998       0x20 Drivers\STM32F1xx_HAL_Driver\Src\stm32f1xx_hal_rcc.o
                0x08000998                HAL_RCC_GetPCLK2Freq
 .text.UART_SetConfig
                0x080009b8       0x74 Drivers\STM32F1xx_HAL_Driver\Src\stm32f1xx_hal_uart.o
 .text.UART_WaitOnFlagUntilTimeout.constprop.3
                0x08000a2c       0x50 Drivers\STM32F1xx_HAL_Driver\Src\stm32f1xx_hal_uart.o
 .text.HAL_UART_Init
                0x08000a7c       0x5c Drivers\STM32F1xx_HAL_Driver\Src\stm32f1xx_hal_uart.o
                0x08000a7c                HAL_UART_Init
 .text.HAL_UART_Transmit
                0x08000ad8       0xb8 Drivers\STM32F1xx_HAL_Driver\Src\stm32f1xx_hal_uart.o
                0x08000ad8                HAL_UART_Transmit
 .text.Lito_init
                0x08000b90       0x40 LitoOS\LitoOS.o
                0x08000b90                Lito_init
 .text.Lito_start
                0x08000bd0       0x1c LitoOS\LitoOS.o
                0x08000bd0                Lito_start
 .text.LT_list_init
                0x08000bec       0x12 LitoOS\list.o
                0x08000bec                LT_list_init
 .text.LT_list_create
                0x08000bfe       0x1e LitoOS\list.o
                0x08000bfe                LT_list_create
 .text.LT_list_insert
                0x08000c1c       0x22 LitoOS\list.o
                0x08000c1c                LT_list_insert
 .text.LT_list_remove
                0x08000c3e       0x6e LitoOS\list.o
                0x08000c3e                LT_list_remove
 .text.LT_queue_put
                0x08000cac       0xd0 LitoOS\queue.o
                0x08000cac                LT_queue_put
 .text.LT_mutex_init
                0x08000d7c        0x6 LitoOS\semaphore_mutex.o
                0x08000d7c                LT_mutex_init
 *fill*         0x08000d82        0x2 
 .text.LT_ready_queue_init
                0x08000d84       0x18 LitoOS\task.o
                0x08000d84                LT_ready_queue_init
 .text.LT_ready_queue_insert
                0x08000d9c       0x20 LitoOS\task.o
                0x08000d9c                LT_ready_queue_insert
 .text.LT_task_create
                0x08000dbc       0x54 LitoOS\task.o
                0x08000dbc                LT_task_create
 .text.LT_tcb_item_running_task_update
                0x08000e10       0x34 LitoOS\task.o
                0x08000e10                LT_tcb_item_running_task_update
 .text.LT_task_switch
                0x08000e44        0xe LitoOS\task.o
                0x08000e44                LT_task_switch
 *fill*         0x08000e52        0x2 
 .text.LT_timer_init
                0x08000e54       0x18 LitoOS\timer.o
                0x08000e54                LT_timer_init
 .text.task1    0x08000e6c       0x24 Src\main.o
                0x08000e6c                task1
 .text.task2    0x08000e90       0x28 Src\main.o
                0x08000e90                task2
 .text.startup.main
                0x08000eb8       0x58 Src\main.o
                0x08000eb8                main
 .text.lr_temp  0x08000f10        0x2 Src\stm32.o
                0x08000f10                lr_temp
 *fill*         0x08000f12        0x2 
 .text.hardware_context_switch
                0x08000f14       0x10 Src\stm32.o
                0x08000f14                hardware_context_switch
 .text.hardware_TCB_init
                0x08000f24       0x44 Src\stm32.o
                0x08000f24                hardware_TCB_init
 .text.LT_IRQ_enable
                0x08000f68       0x12 Src\stm32.o
                0x08000f68                LT_IRQ_enable
 .text.LT_IRQ_disable
                0x08000f7a       0x12 Src\stm32.o
                0x08000f7a                LT_IRQ_disable
 .text.SystemClock_Config
                0x08000f8c       0x54 Src\stm32.o
                0x08000f8c                SystemClock_Config
 .text.hardware_init
                0x08000fe0       0xb0 Src\stm32.o
                0x08000fe0                hardware_init
 .text.LT_dummy_task
                0x08001090        0xc Src\stm32.o
                0x08001090                LT_dummy_task
 .text.LT_first_task_start
                0x0800109c       0x34 Src\stm32.o
                0x0800109c                LT_first_task_start
 .text.HAL_MspInit
                0x080010d0       0x30 Src\stm32f1xx_hal_msp.o
                0x080010d0                HAL_MspInit
 .text.HAL_UART_MspInit
                0x08001100       0x78 Src\stm32f1xx_hal_msp.o
                0x08001100                HAL_UART_MspInit
 .text.NMI_Handler
                0x08001178        0x2 Src\stm32f1xx_it.o
                0x08001178                NMI_Handler
 .text.HardFault_Handler
                0x0800117a        0x2 Src\stm32f1xx_it.o
                0x0800117a                HardFault_Handler
 .text.MemManage_Handler
                0x0800117c        0x2 Src\stm32f1xx_it.o
                0x0800117c                MemManage_Handler
 .text.BusFault_Handler
                0x0800117e        0x2 Src\stm32f1xx_it.o
                0x0800117e                BusFault_Handler
 .text.UsageFault_Handler
                0x08001180        0x2 Src\stm32f1xx_it.o
                0x08001180                UsageFault_Handler
 .text.SVC_Handler
                0x08001182       0x20 Src\stm32f1xx_it.o
                0x08001182                SVC_Handler
 .text.DebugMon_Handler
                0x080011a2        0x2 Src\stm32f1xx_it.o
                0x080011a2                DebugMon_Handler
 .text.PendSV_Handler
                0x080011a4       0x30 Src\stm32f1xx_it.o
                0x080011a4                PendSV_Handler
 .text.SysTick_Handler
                0x080011d4       0x78 Src\stm32f1xx_it.o
                0x080011d4                SysTick_Handler
 .text._sbrk    0x0800124c       0x34 Src\syscalls.o
                0x0800124c                _sbrk
 .text.SystemInit
                0x08001280       0x4c Src\system_stm32f1xx.o
                0x08001280                SystemInit
 .text.Reset_Handler
                0x080012cc       0x48 startup\startup_stm32f103xb.o
                0x080012cc                Reset_Handler
 .text.Default_Handler
                0x08001314        0x2 startup\startup_stm32f103xb.o
                0x08001314                RTC_Alarm_IRQHandler
                0x08001314                EXTI2_IRQHandler
                0x08001314                TIM1_CC_IRQHandler
                0x08001314                PVD_IRQHandler
                0x08001314                EXTI3_IRQHandler
                0x08001314                EXTI0_IRQHandler
                0x08001314                I2C2_EV_IRQHandler
                0x08001314                ADC1_2_IRQHandler
                0x08001314                SPI1_IRQHandler
                0x08001314                TAMPER_IRQHandler
                0x08001314                DMA1_Channel4_IRQHandler
                0x08001314                USART3_IRQHandler
                0x08001314                RTC_IRQHandler
                0x08001314                DMA1_Channel7_IRQHandler
                0x08001314                CAN1_RX1_IRQHandler
                0x08001314                TIM4_IRQHandler
                0x08001314                I2C1_EV_IRQHandler
                0x08001314                DMA1_Channel6_IRQHandler
                0x08001314                TIM3_IRQHandler
                0x08001314                RCC_IRQHandler
                0x08001314                TIM1_TRG_COM_IRQHandler
                0x08001314                DMA1_Channel1_IRQHandler
                0x08001314                Default_Handler
                0x08001314                EXTI15_10_IRQHandler
                0x08001314                EXTI9_5_IRQHandler
                0x08001314                SPI2_IRQHandler
                0x08001314                DMA1_Channel5_IRQHandler
                0x08001314                EXTI4_IRQHandler
                0x08001314                USB_LP_CAN1_RX0_IRQHandler
                0x08001314                USB_HP_CAN1_TX_IRQHandler
                0x08001314                DMA1_Channel3_IRQHandler
                0x08001314                TIM1_UP_IRQHandler
                0x08001314                WWDG_IRQHandler
                0x08001314                TIM2_IRQHandler
                0x08001314                TIM1_BRK_IRQHandler
                0x08001314                EXTI1_IRQHandler
                0x08001314                USART2_IRQHandler
                0x08001314                I2C2_ER_IRQHandler
                0x08001314                DMA1_Channel2_IRQHandler
                0x08001314                CAN1_SCE_IRQHandler
                0x08001314                FLASH_IRQHandler
                0x08001314                USART1_IRQHandler
                0x08001314                I2C1_ER_IRQHandler
                0x08001314                USBWakeUp_IRQHandler
 *fill*         0x08001316        0x2 
 .text.__errno  0x08001318        0xc f:/program files/truestudio/truestudio for stm32 9.3.0/armtools/bin/../lib/gcc/arm-atollic-eabi/6.3.1/../../../../arm-atollic-eabi/lib/armv7-m\libc_nano.a(lib_a-errno.o)
                0x08001318                __errno
 .text.__libc_init_array
                0x08001324       0x48 f:/program files/truestudio/truestudio for stm32 9.3.0/armtools/bin/../lib/gcc/arm-atollic-eabi/6.3.1/../../../../arm-atollic-eabi/lib/armv7-m\libc_nano.a(lib_a-init.o)
                0x08001324                __libc_init_array
 .text.malloc   0x0800136c       0x10 f:/program files/truestudio/truestudio for stm32 9.3.0/armtools/bin/../lib/gcc/arm-atollic-eabi/6.3.1/../../../../arm-atollic-eabi/lib/armv7-m\libc_nano.a(lib_a-malloc.o)
                0x0800136c                malloc
 .text.free     0x0800137c       0x10 f:/program files/truestudio/truestudio for stm32 9.3.0/armtools/bin/../lib/gcc/arm-atollic-eabi/6.3.1/../../../../arm-atollic-eabi/lib/armv7-m\libc_nano.a(lib_a-malloc.o)
                0x0800137c                free
 .text.memcpy   0x0800138c       0x16 f:/program files/truestudio/truestudio for stm32 9.3.0/armtools/bin/../lib/gcc/arm-atollic-eabi/6.3.1/../../../../arm-atollic-eabi/lib/armv7-m\libc_nano.a(lib_a-memcpy-stub.o)
                0x0800138c                memcpy
 .text.memset   0x080013a2       0x10 f:/program files/truestudio/truestudio for stm32 9.3.0/armtools/bin/../lib/gcc/arm-atollic-eabi/6.3.1/../../../../arm-atollic-eabi/lib/armv7-m\libc_nano.a(lib_a-memset.o)
                0x080013a2                memset
 *fill*         0x080013b2        0x2 
 .text._free_r  0x080013b4       0x98 f:/program files/truestudio/truestudio for stm32 9.3.0/armtools/bin/../lib/gcc/arm-atollic-eabi/6.3.1/../../../../arm-atollic-eabi/lib/armv7-m\libc_nano.a(lib_a-nano-freer.o)
                0x080013b4                _free_r
 .text._malloc_r
                0x0800144c       0xbc f:/program files/truestudio/truestudio for stm32 9.3.0/armtools/bin/../lib/gcc/arm-atollic-eabi/6.3.1/../../../../arm-atollic-eabi/lib/armv7-m\libc_nano.a(lib_a-nano-mallocr.o)
                0x0800144c                _malloc_r
 .text._sbrk_r  0x08001508       0x20 f:/program files/truestudio/truestudio for stm32 9.3.0/armtools/bin/../lib/gcc/arm-atollic-eabi/6.3.1/../../../../arm-atollic-eabi/lib/armv7-m\libc_nano.a(lib_a-sbrkr.o)
                0x08001508                _sbrk_r
 .text.__malloc_lock
                0x08001528        0x2 f:/program files/truestudio/truestudio for stm32 9.3.0/armtools/bin/../lib/gcc/arm-atollic-eabi/6.3.1/../../../../arm-atollic-eabi/lib/armv7-m\libc_nano.a(lib_a-mlock.o)
                0x08001528                __malloc_lock
 .text.__malloc_unlock
                0x0800152a        0x2 f:/program files/truestudio/truestudio for stm32 9.3.0/armtools/bin/../lib/gcc/arm-atollic-eabi/6.3.1/../../../../arm-atollic-eabi/lib/armv7-m\libc_nano.a(lib_a-mlock.o)
                0x0800152a                __malloc_unlock
 *(.glue_7)
 .glue_7        0x0800152c        0x0 linker stubs
 *(.glue_7t)
 .glue_7t       0x0800152c        0x0 linker stubs
 *(.eh_frame)
 .eh_frame      0x0800152c        0x0 f:/program files/truestudio/truestudio for stm32 9.3.0/armtools/bin/../lib/gcc/arm-atollic-eabi/6.3.1/armv7-m/crtbegin.o
 *(.init)
 .init          0x0800152c        0x4 f:/program files/truestudio/truestudio for stm32 9.3.0/armtools/bin/../lib/gcc/arm-atollic-eabi/6.3.1/armv7-m/crti.o
                0x0800152c                _init
 .init          0x08001530        0x8 f:/program files/truestudio/truestudio for stm32 9.3.0/armtools/bin/../lib/gcc/arm-atollic-eabi/6.3.1/armv7-m/crtn.o
 *(.fini)
 .fini          0x08001538        0x4 f:/program files/truestudio/truestudio for stm32 9.3.0/armtools/bin/../lib/gcc/arm-atollic-eabi/6.3.1/armv7-m/crti.o
                0x08001538                _fini
 .fini          0x0800153c        0x8 f:/program files/truestudio/truestudio for stm32 9.3.0/armtools/bin/../lib/gcc/arm-atollic-eabi/6.3.1/armv7-m/crtn.o
                0x08001544                . = ALIGN (0x4)
                0x08001544                _etext = .

.vfp11_veneer   0x08001544        0x0
 .vfp11_veneer  0x08001544        0x0 linker stubs

.v4_bx          0x08001544        0x0
 .v4_bx         0x08001544        0x0 linker stubs

.iplt           0x08001544        0x0
 .iplt          0x08001544        0x0 f:/program files/truestudio/truestudio for stm32 9.3.0/armtools/bin/../lib/gcc/arm-atollic-eabi/6.3.1/armv7-m/crtbegin.o

.rodata         0x08001544       0x38
                0x08001544                . = ALIGN (0x4)
 *(.rodata)
 .rodata        0x08001544       0x10 Drivers\STM32F1xx_HAL_Driver\Src\stm32f1xx_hal_rcc.o
 *(.rodata*)
 .rodata.task1.str1.1
                0x08001554        0x8 Src\main.o
 .rodata.task2.str1.1
                0x0800155c        0x8 Src\main.o
 .rodata.AHBPrescTable
                0x08001564       0x10 Src\system_stm32f1xx.o
                0x08001564                AHBPrescTable
 .rodata.APBPrescTable
                0x08001574        0x8 Src\system_stm32f1xx.o
                0x08001574                APBPrescTable
                0x0800157c                . = ALIGN (0x4)

.rel.dyn        0x0800157c        0x0
 .rel.iplt      0x0800157c        0x0 f:/program files/truestudio/truestudio for stm32 9.3.0/armtools/bin/../lib/gcc/arm-atollic-eabi/6.3.1/armv7-m/crtbegin.o

.ARM.extab
 *(.ARM.extab* .gnu.linkonce.armextab.*)

.ARM            0x0800157c        0x0
                0x0800157c                __exidx_start = .
 *(.ARM.exidx*)
                0x0800157c                __exidx_end = .

.preinit_array  0x0800157c        0x0
                0x0800157c                PROVIDE (__preinit_array_start, .)
 *(.preinit_array*)
                0x0800157c                PROVIDE (__preinit_array_end, .)

.init_array     0x0800157c        0x4
                0x0800157c                PROVIDE (__init_array_start, .)
 *(SORT(.init_array.*))
 *(.init_array*)
 .init_array    0x0800157c        0x4 f:/program files/truestudio/truestudio for stm32 9.3.0/armtools/bin/../lib/gcc/arm-atollic-eabi/6.3.1/armv7-m/crtbegin.o
                0x08001580                PROVIDE (__init_array_end, .)

.fini_array     0x08001580        0x4
                [!provide]                PROVIDE (__fini_array_start, .)
 *(SORT(.fini_array.*))
 *(.fini_array*)
 .fini_array    0x08001580        0x4 f:/program files/truestudio/truestudio for stm32 9.3.0/armtools/bin/../lib/gcc/arm-atollic-eabi/6.3.1/armv7-m/crtbegin.o
                [!provide]                PROVIDE (__fini_array_end, .)
                0x08001584                _sidata = LOADADDR (.data)

.data           0x20000000       0x70 load address 0x08001584
                0x20000000                . = ALIGN (0x4)
                0x20000000                _sdata = .
 *(.data)
 *(.data*)
 .data.uwTickFreq
                0x20000000        0x1 Drivers\STM32F1xx_HAL_Driver\Src\stm32f1xx_hal.o
                0x20000000                uwTickFreq
 *fill*         0x20000001        0x3 
 .data.uwTickPrio
                0x20000004        0x4 Drivers\STM32F1xx_HAL_Driver\Src\stm32f1xx_hal.o
                0x20000004                uwTickPrio
 .data.SystemCoreClock
                0x20000008        0x4 Src\system_stm32f1xx.o
                0x20000008                SystemCoreClock
 .data._impure_ptr
                0x2000000c        0x4 f:/program files/truestudio/truestudio for stm32 9.3.0/armtools/bin/../lib/gcc/arm-atollic-eabi/6.3.1/../../../../arm-atollic-eabi/lib/armv7-m\libc_nano.a(lib_a-impure.o)
                0x2000000c                _impure_ptr
 .data.impure_data
                0x20000010       0x60 f:/program files/truestudio/truestudio for stm32 9.3.0/armtools/bin/../lib/gcc/arm-atollic-eabi/6.3.1/../../../../arm-atollic-eabi/lib/armv7-m\libc_nano.a(lib_a-impure.o)
                0x20000070                . = ALIGN (0x4)
                0x20000070                _edata = .

.igot.plt       0x20000070        0x0 load address 0x080015f4
 .igot.plt      0x20000070        0x0 f:/program files/truestudio/truestudio for stm32 9.3.0/armtools/bin/../lib/gcc/arm-atollic-eabi/6.3.1/armv7-m/crtbegin.o
                0x20000070                . = ALIGN (0x4)

.bss            0x20000070       0xe4 load address 0x080015f4
                0x20000070                _sbss = .
                0x20000070                __bss_start__ = _sbss
 *(.bss)
 .bss           0x20000070       0x1c f:/program files/truestudio/truestudio for stm32 9.3.0/armtools/bin/../lib/gcc/arm-atollic-eabi/6.3.1/armv7-m/crtbegin.o
 *(.bss*)
 .bss.heap_end.5887
                0x2000008c        0x4 Src\syscalls.o
 .bss.__malloc_free_list
                0x20000090        0x4 f:/program files/truestudio/truestudio for stm32 9.3.0/armtools/bin/../lib/gcc/arm-atollic-eabi/6.3.1/../../../../arm-atollic-eabi/lib/armv7-m\libc_nano.a(lib_a-nano-mallocr.o)
                0x20000090                __malloc_free_list
 .bss.__malloc_sbrk_start
                0x20000094        0x4 f:/program files/truestudio/truestudio for stm32 9.3.0/armtools/bin/../lib/gcc/arm-atollic-eabi/6.3.1/../../../../arm-atollic-eabi/lib/armv7-m\libc_nano.a(lib_a-nano-mallocr.o)
                0x20000094                __malloc_sbrk_start
 *(COMMON)
 COMMON         0x20000098        0x4 Drivers\STM32F1xx_HAL_Driver\Src\stm32f1xx_hal.o
                0x20000098                uwTick
 COMMON         0x2000009c        0x1 LitoOS\LitoOS.o
                0x2000009c                lt_schedule_status
 *fill*         0x2000009d        0x3 
 COMMON         0x200000a0       0x14 LitoOS\task.o
                0x200000a0                pid
                0x200000a4                tcb_save
                0x200000a8                tcb_load
                0x200000ac                ready_queue
                0x200000b0                tcb_item_running_task
 COMMON         0x200000b4        0x4 LitoOS\timer.o
                0x200000b4                timer_event_list
 COMMON         0x200000b8        0x1 Src\main.o
                0x200000b8                lock
 *fill*         0x200000b9        0x3 
 COMMON         0x200000bc       0x94 Src\stm32.o
                0x200000bc                hi2c1
                0x20000110                huart1
 COMMON         0x20000150        0x4 f:/program files/truestudio/truestudio for stm32 9.3.0/armtools/bin/../lib/gcc/arm-atollic-eabi/6.3.1/../../../../arm-atollic-eabi/lib/armv7-m\libc_nano.a(lib_a-reent.o)
                0x20000150                errno
                0x20000154                . = ALIGN (0x4)
                0x20000154                _ebss = .
                0x20000154                __bss_end__ = _ebss

._user_heap_stack
                0x20000154      0x600 load address 0x080015f4
                0x20000154                . = ALIGN (0x4)
                0x20000154                PROVIDE (end, .)
                [!provide]                PROVIDE (_end, .)
                0x20000354                . = (. + _Min_Heap_Size)
 *fill*         0x20000154      0x200 
                0x20000754                . = (. + _Min_Stack_Size)
 *fill*         0x20000354      0x400 
                0x20000754                . = ALIGN (0x4)

/DISCARD/
 libc.a(*)
 libm.a(*)
 libgcc.a(*)

.ARM.attributes
                0x00000000       0x29
 *(.ARM.attributes)
 .ARM.attributes
                0x00000000       0x1d f:/program files/truestudio/truestudio for stm32 9.3.0/armtools/bin/../lib/gcc/arm-atollic-eabi/6.3.1/armv7-m/crti.o
 .ARM.attributes
                0x0000001d       0x2d f:/program files/truestudio/truestudio for stm32 9.3.0/armtools/bin/../lib/gcc/arm-atollic-eabi/6.3.1/armv7-m/crtbegin.o
 .ARM.attributes
                0x0000004a       0x33 Drivers\STM32F1xx_HAL_Driver\Src\stm32f1xx_hal.o
 .ARM.attributes
                0x0000007d       0x33 Drivers\STM32F1xx_HAL_Driver\Src\stm32f1xx_hal_cortex.o
 .ARM.attributes
                0x000000b0       0x33 Drivers\STM32F1xx_HAL_Driver\Src\stm32f1xx_hal_gpio.o
 .ARM.attributes
                0x000000e3       0x33 Drivers\STM32F1xx_HAL_Driver\Src\stm32f1xx_hal_rcc.o
 .ARM.attributes
                0x00000116       0x33 Drivers\STM32F1xx_HAL_Driver\Src\stm32f1xx_hal_uart.o
 .ARM.attributes
                0x00000149       0x33 LitoOS\LitoOS.o
 .ARM.attributes
                0x0000017c       0x33 LitoOS\list.o
 .ARM.attributes
                0x000001af       0x33 LitoOS\queue.o
 .ARM.attributes
                0x000001e2       0x33 LitoOS\semaphore_mutex.o
 .ARM.attributes
                0x00000215       0x33 LitoOS\task.o
 .ARM.attributes
                0x00000248       0x33 LitoOS\timer.o
 .ARM.attributes
                0x0000027b       0x33 Src\main.o
 .ARM.attributes
                0x000002ae       0x33 Src\stm32.o
 .ARM.attributes
                0x000002e1       0x33 Src\stm32f1xx_hal_msp.o
 .ARM.attributes
                0x00000314       0x33 Src\stm32f1xx_it.o
 .ARM.attributes
                0x00000347       0x33 Src\syscalls.o
 .ARM.attributes
                0x0000037a       0x33 Src\system_stm32f1xx.o
 .ARM.attributes
                0x000003ad       0x21 startup\startup_stm32f103xb.o
 .ARM.attributes
                0x000003ce       0x2d f:/program files/truestudio/truestudio for stm32 9.3.0/armtools/bin/../lib/gcc/arm-atollic-eabi/6.3.1/../../../../arm-atollic-eabi/lib/armv7-m\libc_nano.a(lib_a-errno.o)
 .ARM.attributes
                0x000003fb       0x2d f:/program files/truestudio/truestudio for stm32 9.3.0/armtools/bin/../lib/gcc/arm-atollic-eabi/6.3.1/../../../../arm-atollic-eabi/lib/armv7-m\libc_nano.a(lib_a-impure.o)
 .ARM.attributes
                0x00000428       0x2d f:/program files/truestudio/truestudio for stm32 9.3.0/armtools/bin/../lib/gcc/arm-atollic-eabi/6.3.1/../../../../arm-atollic-eabi/lib/armv7-m\libc_nano.a(lib_a-init.o)
 .ARM.attributes
                0x00000455       0x2d f:/program files/truestudio/truestudio for stm32 9.3.0/armtools/bin/../lib/gcc/arm-atollic-eabi/6.3.1/../../../../arm-atollic-eabi/lib/armv7-m\libc_nano.a(lib_a-malloc.o)
 .ARM.attributes
                0x00000482       0x2d f:/program files/truestudio/truestudio for stm32 9.3.0/armtools/bin/../lib/gcc/arm-atollic-eabi/6.3.1/../../../../arm-atollic-eabi/lib/armv7-m\libc_nano.a(lib_a-memcpy-stub.o)
 .ARM.attributes
                0x000004af       0x2d f:/program files/truestudio/truestudio for stm32 9.3.0/armtools/bin/../lib/gcc/arm-atollic-eabi/6.3.1/../../../../arm-atollic-eabi/lib/armv7-m\libc_nano.a(lib_a-memset.o)
 .ARM.attributes
                0x000004dc       0x2d f:/program files/truestudio/truestudio for stm32 9.3.0/armtools/bin/../lib/gcc/arm-atollic-eabi/6.3.1/../../../../arm-atollic-eabi/lib/armv7-m\libc_nano.a(lib_a-nano-freer.o)
 .ARM.attributes
                0x00000509       0x2d f:/program files/truestudio/truestudio for stm32 9.3.0/armtools/bin/../lib/gcc/arm-atollic-eabi/6.3.1/../../../../arm-atollic-eabi/lib/armv7-m\libc_nano.a(lib_a-nano-mallocr.o)
 .ARM.attributes
                0x00000536       0x2d f:/program files/truestudio/truestudio for stm32 9.3.0/armtools/bin/../lib/gcc/arm-atollic-eabi/6.3.1/../../../../arm-atollic-eabi/lib/armv7-m\libc_nano.a(lib_a-sbrkr.o)
 .ARM.attributes
                0x00000563       0x2d f:/program files/truestudio/truestudio for stm32 9.3.0/armtools/bin/../lib/gcc/arm-atollic-eabi/6.3.1/../../../../arm-atollic-eabi/lib/armv7-m\libc_nano.a(lib_a-mlock.o)
 .ARM.attributes
                0x00000590       0x2d f:/program files/truestudio/truestudio for stm32 9.3.0/armtools/bin/../lib/gcc/arm-atollic-eabi/6.3.1/../../../../arm-atollic-eabi/lib/armv7-m\libc_nano.a(lib_a-reent.o)
 .ARM.attributes
                0x000005bd       0x1d f:/program files/truestudio/truestudio for stm32 9.3.0/armtools/bin/../lib/gcc/arm-atollic-eabi/6.3.1/armv7-m/crtn.o
OUTPUT(stm32f103c8t6.elf elf32-littlearm)

.debug_info     0x00000000     0xd469
 .debug_info    0x00000000      0x7cd Drivers\STM32F1xx_HAL_Driver\Src\stm32f1xx_hal.o
 .debug_info    0x000007cd      0xca7 Drivers\STM32F1xx_HAL_Driver\Src\stm32f1xx_hal_cortex.o
 .debug_info    0x00001474      0x691 Drivers\STM32F1xx_HAL_Driver\Src\stm32f1xx_hal_gpio.o
 .debug_info    0x00001b05      0xa01 Drivers\STM32F1xx_HAL_Driver\Src\stm32f1xx_hal_rcc.o
 .debug_info    0x00002506     0x1632 Drivers\STM32F1xx_HAL_Driver\Src\stm32f1xx_hal_uart.o
 .debug_info    0x00003b38      0xb36 LitoOS\LitoOS.o
 .debug_info    0x0000466e      0xa8e LitoOS\list.o
 .debug_info    0x000050fc      0xef6 LitoOS\queue.o
 .debug_info    0x00005ff2      0xaa5 LitoOS\semaphore_mutex.o
 .debug_info    0x00006a97      0xe82 LitoOS\task.o
 .debug_info    0x00007919      0xcce LitoOS\timer.o
 .debug_info    0x000085e7     0x1011 Src\main.o
 .debug_info    0x000095f8     0x1078 Src\stm32.o
 .debug_info    0x0000a670      0xb8b Src\stm32f1xx_hal_msp.o
 .debug_info    0x0000b1fb      0xdef Src\stm32f1xx_it.o
 .debug_info    0x0000bfea      0xfe1 Src\syscalls.o
 .debug_info    0x0000cfcb      0x437 Src\system_stm32f1xx.o
 .debug_info    0x0000d402       0x67 startup\startup_stm32f103xb.o

.debug_abbrev   0x00000000     0x2799
 .debug_abbrev  0x00000000      0x24a Drivers\STM32F1xx_HAL_Driver\Src\stm32f1xx_hal.o
 .debug_abbrev  0x0000024a      0x2f8 Drivers\STM32F1xx_HAL_Driver\Src\stm32f1xx_hal_cortex.o
 .debug_abbrev  0x00000542      0x1e4 Drivers\STM32F1xx_HAL_Driver\Src\stm32f1xx_hal_gpio.o
 .debug_abbrev  0x00000726      0x2c1 Drivers\STM32F1xx_HAL_Driver\Src\stm32f1xx_hal_rcc.o
 .debug_abbrev  0x000009e7      0x2f3 Drivers\STM32F1xx_HAL_Driver\Src\stm32f1xx_hal_uart.o
 .debug_abbrev  0x00000cda      0x202 LitoOS\LitoOS.o
 .debug_abbrev  0x00000edc      0x218 LitoOS\list.o
 .debug_abbrev  0x000010f4      0x28c LitoOS\queue.o
 .debug_abbrev  0x00001380      0x1f7 LitoOS\semaphore_mutex.o
 .debug_abbrev  0x00001577      0x289 LitoOS\task.o
 .debug_abbrev  0x00001800      0x23a LitoOS\timer.o
 .debug_abbrev  0x00001a3a      0x23e Src\main.o
 .debug_abbrev  0x00001c78      0x2c4 Src\stm32.o
 .debug_abbrev  0x00001f3c      0x1c8 Src\stm32f1xx_hal_msp.o
 .debug_abbrev  0x00002104      0x27b Src\stm32f1xx_it.o
 .debug_abbrev  0x0000237f      0x2d9 Src\syscalls.o
 .debug_abbrev  0x00002658      0x12f Src\system_stm32f1xx.o
 .debug_abbrev  0x00002787       0x12 startup\startup_stm32f103xb.o

.debug_loc      0x00000000     0x3195
 .debug_loc     0x00000000      0x10c Drivers\STM32F1xx_HAL_Driver\Src\stm32f1xx_hal.o
 .debug_loc     0x0000010c      0x487 Drivers\STM32F1xx_HAL_Driver\Src\stm32f1xx_hal_cortex.o
 .debug_loc     0x00000593      0x2f5 Drivers\STM32F1xx_HAL_Driver\Src\stm32f1xx_hal_gpio.o
 .debug_loc     0x00000888      0x478 Drivers\STM32F1xx_HAL_Driver\Src\stm32f1xx_hal_rcc.o
 .debug_loc     0x00000d00     0x1362 Drivers\STM32F1xx_HAL_Driver\Src\stm32f1xx_hal_uart.o
 .debug_loc     0x00002062      0x165 LitoOS\list.o
 .debug_loc     0x000021c7      0x423 LitoOS\queue.o
 .debug_loc     0x000025ea       0x60 LitoOS\semaphore_mutex.o
 .debug_loc     0x0000264a      0x116 LitoOS\task.o
 .debug_loc     0x00002760      0x29e LitoOS\timer.o
 .debug_loc     0x000029fe       0x42 Src\main.o
 .debug_loc     0x00002a40       0xf0 Src\stm32.o
 .debug_loc     0x00002b30       0xb0 Src\stm32f1xx_hal_msp.o
 .debug_loc     0x00002be0       0xf9 Src\stm32f1xx_it.o
 .debug_loc     0x00002cd9      0x3ef Src\syscalls.o
 .debug_loc     0x000030c8       0xcd Src\system_stm32f1xx.o

.debug_aranges  0x00000000      0x738
 .debug_aranges
                0x00000000       0xd8 Drivers\STM32F1xx_HAL_Driver\Src\stm32f1xx_hal.o
 .debug_aranges
                0x000000d8       0x90 Drivers\STM32F1xx_HAL_Driver\Src\stm32f1xx_hal_cortex.o
 .debug_aranges
                0x00000168       0x58 Drivers\STM32F1xx_HAL_Driver\Src\stm32f1xx_hal_gpio.o
 .debug_aranges
                0x000001c0       0x88 Drivers\STM32F1xx_HAL_Driver\Src\stm32f1xx_hal_rcc.o
 .debug_aranges
                0x00000248      0x170 Drivers\STM32F1xx_HAL_Driver\Src\stm32f1xx_hal_uart.o
 .debug_aranges
                0x000003b8       0x28 LitoOS\LitoOS.o
 .debug_aranges
                0x000003e0       0x38 LitoOS\list.o
 .debug_aranges
                0x00000418       0x38 LitoOS\queue.o
 .debug_aranges
                0x00000450       0x30 LitoOS\semaphore_mutex.o
 .debug_aranges
                0x00000480       0x50 LitoOS\task.o
 .debug_aranges
                0x000004d0       0x30 LitoOS\timer.o
 .debug_aranges
                0x00000500       0x30 Src\main.o
 .debug_aranges
                0x00000530       0x70 Src\stm32.o
 .debug_aranges
                0x000005a0       0x40 Src\stm32f1xx_hal_msp.o
 .debug_aranges
                0x000005e0       0x58 Src\stm32f1xx_it.o
 .debug_aranges
                0x00000638       0xb0 Src\syscalls.o
 .debug_aranges
                0x000006e8       0x28 Src\system_stm32f1xx.o
 .debug_aranges
                0x00000710       0x28 startup\startup_stm32f103xb.o

.debug_ranges   0x00000000      0x7e8
 .debug_ranges  0x00000000       0xc8 Drivers\STM32F1xx_HAL_Driver\Src\stm32f1xx_hal.o
 .debug_ranges  0x000000c8      0x128 Drivers\STM32F1xx_HAL_Driver\Src\stm32f1xx_hal_cortex.o
 .debug_ranges  0x000001f0       0x60 Drivers\STM32F1xx_HAL_Driver\Src\stm32f1xx_hal_gpio.o
 .debug_ranges  0x00000250       0xa0 Drivers\STM32F1xx_HAL_Driver\Src\stm32f1xx_hal_rcc.o
 .debug_ranges  0x000002f0      0x190 Drivers\STM32F1xx_HAL_Driver\Src\stm32f1xx_hal_uart.o
 .debug_ranges  0x00000480       0x18 LitoOS\LitoOS.o
 .debug_ranges  0x00000498       0x28 LitoOS\list.o
 .debug_ranges  0x000004c0       0x28 LitoOS\queue.o
 .debug_ranges  0x000004e8       0x20 LitoOS\semaphore_mutex.o
 .debug_ranges  0x00000508       0x40 LitoOS\task.o
 .debug_ranges  0x00000548       0x20 LitoOS\timer.o
 .debug_ranges  0x00000568       0x20 Src\main.o
 .debug_ranges  0x00000588       0xb8 Src\stm32.o
 .debug_ranges  0x00000640       0x88 Src\stm32f1xx_hal_msp.o
 .debug_ranges  0x000006c8       0x48 Src\stm32f1xx_it.o
 .debug_ranges  0x00000710       0xa0 Src\syscalls.o
 .debug_ranges  0x000007b0       0x18 Src\system_stm32f1xx.o
 .debug_ranges  0x000007c8       0x20 startup\startup_stm32f103xb.o

.debug_line     0x00000000     0x4507
 .debug_line    0x00000000      0x3e5 Drivers\STM32F1xx_HAL_Driver\Src\stm32f1xx_hal.o
 .debug_line    0x000003e5      0x3e0 Drivers\STM32F1xx_HAL_Driver\Src\stm32f1xx_hal_cortex.o
 .debug_line    0x000007c5      0x3a5 Drivers\STM32F1xx_HAL_Driver\Src\stm32f1xx_hal_gpio.o
 .debug_line    0x00000b6a      0x57c Drivers\STM32F1xx_HAL_Driver\Src\stm32f1xx_hal_rcc.o
 .debug_line    0x000010e6      0xbd4 Drivers\STM32F1xx_HAL_Driver\Src\stm32f1xx_hal_uart.o
 .debug_line    0x00001cba      0x2ea LitoOS\LitoOS.o
 .debug_line    0x00001fa4      0x2c4 LitoOS\list.o
 .debug_line    0x00002268      0x3d1 LitoOS\queue.o
 .debug_line    0x00002639      0x2e9 LitoOS\semaphore_mutex.o
 .debug_line    0x00002922      0x3ac LitoOS\task.o
 .debug_line    0x00002cce      0x392 LitoOS\timer.o
 .debug_line    0x00003060      0x35b Src\main.o
 .debug_line    0x000033bb      0x458 Src\stm32.o
 .debug_line    0x00003813      0x2da Src\stm32f1xx_hal_msp.o
 .debug_line    0x00003aed      0x3c7 Src\stm32f1xx_it.o
 .debug_line    0x00003eb4      0x3b4 Src\syscalls.o
 .debug_line    0x00004268      0x222 Src\system_stm32f1xx.o
 .debug_line    0x0000448a       0x7d startup\startup_stm32f103xb.o

.debug_str      0x00000000     0x2ac4
 .debug_str     0x00000000      0x7ef Drivers\STM32F1xx_HAL_Driver\Src\stm32f1xx_hal.o
                                0x858 (size before relaxing)
 .debug_str     0x000007ef      0x3c5 Drivers\STM32F1xx_HAL_Driver\Src\stm32f1xx_hal_cortex.o
                                0x97a (size before relaxing)
 .debug_str     0x00000bb4      0x1c4 Drivers\STM32F1xx_HAL_Driver\Src\stm32f1xx_hal_gpio.o
                                0x4cb (size before relaxing)
 .debug_str     0x00000d78      0x331 Drivers\STM32F1xx_HAL_Driver\Src\stm32f1xx_hal_rcc.o
                                0x6b4 (size before relaxing)
 .debug_str     0x000010a9      0x8db Drivers\STM32F1xx_HAL_Driver\Src\stm32f1xx_hal_uart.o
                                0xc44 (size before relaxing)
 .debug_str     0x00001984      0x513 LitoOS\LitoOS.o
                                0x7da (size before relaxing)
 .debug_str     0x00001e97       0xf8 LitoOS\list.o
                                0x6d0 (size before relaxing)
 .debug_str     0x00001f8f      0x1c6 LitoOS\queue.o
                                0x972 (size before relaxing)
 .debug_str     0x00002155       0x95 LitoOS\semaphore_mutex.o
                                0x7a8 (size before relaxing)
 .debug_str     0x000021ea       0xc5 LitoOS\task.o
                                0x945 (size before relaxing)
 .debug_str     0x000022af      0x143 LitoOS\timer.o
                                0x94c (size before relaxing)
 .debug_str     0x000023f2       0x39 Src\main.o
                                0xb17 (size before relaxing)
 .debug_str     0x0000242b      0x2ea Src\stm32.o
                                0xcb2 (size before relaxing)
 .debug_str     0x00002715       0x42 Src\stm32f1xx_hal_msp.o
                                0x990 (size before relaxing)
 .debug_str     0x00002757       0xd4 Src\stm32f1xx_it.o
                                0x9e2 (size before relaxing)
 .debug_str     0x0000282b      0x24c Src\syscalls.o
                                0x846 (size before relaxing)
 .debug_str     0x00002a77       0x4d Src\system_stm32f1xx.o
                                0x33a (size before relaxing)

.comment        0x00000000       0x7c
 .comment       0x00000000       0x7c Drivers\STM32F1xx_HAL_Driver\Src\stm32f1xx_hal.o
                                 0x7d (size before relaxing)
 .comment       0x0000007c       0x7d Drivers\STM32F1xx_HAL_Driver\Src\stm32f1xx_hal_cortex.o
 .comment       0x0000007c       0x7d Drivers\STM32F1xx_HAL_Driver\Src\stm32f1xx_hal_gpio.o
 .comment       0x0000007c       0x7d Drivers\STM32F1xx_HAL_Driver\Src\stm32f1xx_hal_rcc.o
 .comment       0x0000007c       0x7d Drivers\STM32F1xx_HAL_Driver\Src\stm32f1xx_hal_uart.o
 .comment       0x0000007c       0x7d LitoOS\LitoOS.o
 .comment       0x0000007c       0x7d LitoOS\list.o
 .comment       0x0000007c       0x7d LitoOS\queue.o
 .comment       0x0000007c       0x7d LitoOS\semaphore_mutex.o
 .comment       0x0000007c       0x7d LitoOS\task.o
 .comment       0x0000007c       0x7d LitoOS\timer.o
 .comment       0x0000007c       0x7d Src\main.o
 .comment       0x0000007c       0x7d Src\stm32.o
 .comment       0x0000007c       0x7d Src\stm32f1xx_hal_msp.o
 .comment       0x0000007c       0x7d Src\stm32f1xx_it.o
 .comment       0x0000007c       0x7d Src\syscalls.o
 .comment       0x0000007c       0x7d Src\system_stm32f1xx.o

.debug_frame    0x00000000     0x1290
 .debug_frame   0x00000000      0x1d4 Drivers\STM32F1xx_HAL_Driver\Src\stm32f1xx_hal.o
 .debug_frame   0x000001d4      0x120 Drivers\STM32F1xx_HAL_Driver\Src\stm32f1xx_hal_cortex.o
 .debug_frame   0x000002f4       0xd4 Drivers\STM32F1xx_HAL_Driver\Src\stm32f1xx_hal_gpio.o
 .debug_frame   0x000003c8      0x150 Drivers\STM32F1xx_HAL_Driver\Src\stm32f1xx_hal_rcc.o
 .debug_frame   0x00000518      0x498 Drivers\STM32F1xx_HAL_Driver\Src\stm32f1xx_hal_uart.o
 .debug_frame   0x000009b0       0x44 LitoOS\LitoOS.o
 .debug_frame   0x000009f4       0x60 LitoOS\list.o
 .debug_frame   0x00000a54       0x8c LitoOS\queue.o
 .debug_frame   0x00000ae0       0x4c LitoOS\semaphore_mutex.o
 .debug_frame   0x00000b2c       0xb0 LitoOS\task.o
 .debug_frame   0x00000bdc       0x64 LitoOS\timer.o
 .debug_frame   0x00000c40       0x60 Src\main.o
 .debug_frame   0x00000ca0       0xf4 Src\stm32.o
 .debug_frame   0x00000d94       0x88 Src\stm32f1xx_hal_msp.o
 .debug_frame   0x00000e1c       0xbc Src\stm32f1xx_it.o
 .debug_frame   0x00000ed8      0x1a8 Src\syscalls.o
 .debug_frame   0x00001080       0x30 Src\system_stm32f1xx.o
 .debug_frame   0x000010b0       0x20 f:/program files/truestudio/truestudio for stm32 9.3.0/armtools/bin/../lib/gcc/arm-atollic-eabi/6.3.1/../../../../arm-atollic-eabi/lib/armv7-m\libc_nano.a(lib_a-errno.o)
 .debug_frame   0x000010d0       0x2c f:/program files/truestudio/truestudio for stm32 9.3.0/armtools/bin/../lib/gcc/arm-atollic-eabi/6.3.1/../../../../arm-atollic-eabi/lib/armv7-m\libc_nano.a(lib_a-init.o)
 .debug_frame   0x000010fc       0x30 f:/program files/truestudio/truestudio for stm32 9.3.0/armtools/bin/../lib/gcc/arm-atollic-eabi/6.3.1/../../../../arm-atollic-eabi/lib/armv7-m\libc_nano.a(lib_a-malloc.o)
 .debug_frame   0x0000112c       0x28 f:/program files/truestudio/truestudio for stm32 9.3.0/armtools/bin/../lib/gcc/arm-atollic-eabi/6.3.1/../../../../arm-atollic-eabi/lib/armv7-m\libc_nano.a(lib_a-memcpy-stub.o)
 .debug_frame   0x00001154       0x20 f:/program files/truestudio/truestudio for stm32 9.3.0/armtools/bin/../lib/gcc/arm-atollic-eabi/6.3.1/../../../../arm-atollic-eabi/lib/armv7-m\libc_nano.a(lib_a-memset.o)
 .debug_frame   0x00001174       0x38 f:/program files/truestudio/truestudio for stm32 9.3.0/armtools/bin/../lib/gcc/arm-atollic-eabi/6.3.1/../../../../arm-atollic-eabi/lib/armv7-m\libc_nano.a(lib_a-nano-freer.o)
 .debug_frame   0x000011ac       0x2c f:/program files/truestudio/truestudio for stm32 9.3.0/armtools/bin/../lib/gcc/arm-atollic-eabi/6.3.1/../../../../arm-atollic-eabi/lib/armv7-m\libc_nano.a(lib_a-nano-mallocr.o)
 .debug_frame   0x000011d8       0x2c f:/program files/truestudio/truestudio for stm32 9.3.0/armtools/bin/../lib/gcc/arm-atollic-eabi/6.3.1/../../../../arm-atollic-eabi/lib/armv7-m\libc_nano.a(lib_a-sbrkr.o)
 .debug_frame   0x00001204       0x30 f:/program files/truestudio/truestudio for stm32 9.3.0/armtools/bin/../lib/gcc/arm-atollic-eabi/6.3.1/../../../../arm-atollic-eabi/lib/armv7-m\libc_nano.a(lib_a-mlock.o)
 .debug_frame   0x00001234       0x5c f:/program files/truestudio/truestudio for stm32 9.3.0/armtools/bin/../lib/gcc/arm-atollic-eabi/6.3.1/../../../../arm-atollic-eabi/lib/armv7-m\libc_nano.a(lib_a-reent.o)
